Archive member included to satisfy reference by file (symbol)

c:/users/enric/appdata/roaming/code/user/globalstorage/bmd.stm32-for-vscode/@xpack-dev-tools/arm-none-eabi-gcc/12.3.1-1.2.1/.content/bin/../lib/gcc/arm-none-eabi/12.3.1/../../../../arm-none-eabi/lib/thumb/v7e-m+fp/hard\libc_nano.a(libc_a-atexit.o)
                              c:/users/enric/appdata/roaming/code/user/globalstorage/bmd.stm32-for-vscode/@xpack-dev-tools/arm-none-eabi-gcc/12.3.1-1.2.1/.content/bin/../lib/gcc/arm-none-eabi/12.3.1/../../../../arm-none-eabi/lib/thumb/v7e-m+fp/hard/crt0.o (atexit)
c:/users/enric/appdata/roaming/code/user/globalstorage/bmd.stm32-for-vscode/@xpack-dev-tools/arm-none-eabi-gcc/12.3.1-1.2.1/.content/bin/../lib/gcc/arm-none-eabi/12.3.1/../../../../arm-none-eabi/lib/thumb/v7e-m+fp/hard\libc_nano.a(libc_a-exit.o)
                              c:/users/enric/appdata/roaming/code/user/globalstorage/bmd.stm32-for-vscode/@xpack-dev-tools/arm-none-eabi-gcc/12.3.1-1.2.1/.content/bin/../lib/gcc/arm-none-eabi/12.3.1/../../../../arm-none-eabi/lib/thumb/v7e-m+fp/hard/crt0.o (exit)
c:/users/enric/appdata/roaming/code/user/globalstorage/bmd.stm32-for-vscode/@xpack-dev-tools/arm-none-eabi-gcc/12.3.1-1.2.1/.content/bin/../lib/gcc/arm-none-eabi/12.3.1/../../../../arm-none-eabi/lib/thumb/v7e-m+fp/hard\libc_nano.a(libc_a-findfp.o)
                              c:/users/enric/appdata/roaming/code/user/globalstorage/bmd.stm32-for-vscode/@xpack-dev-tools/arm-none-eabi-gcc/12.3.1-1.2.1/.content/bin/../lib/gcc/arm-none-eabi/12.3.1/../../../../arm-none-eabi/lib/thumb/v7e-m+fp/hard\libc_nano.a(libc_a-exit.o) (__stdio_exit_handler)
c:/users/enric/appdata/roaming/code/user/globalstorage/bmd.stm32-for-vscode/@xpack-dev-tools/arm-none-eabi-gcc/12.3.1-1.2.1/.content/bin/../lib/gcc/arm-none-eabi/12.3.1/../../../../arm-none-eabi/lib/thumb/v7e-m+fp/hard\libc_nano.a(libc_a-fwalk.o)
                              c:/users/enric/appdata/roaming/code/user/globalstorage/bmd.stm32-for-vscode/@xpack-dev-tools/arm-none-eabi-gcc/12.3.1-1.2.1/.content/bin/../lib/gcc/arm-none-eabi/12.3.1/../../../../arm-none-eabi/lib/thumb/v7e-m+fp/hard\libc_nano.a(libc_a-findfp.o) (_fwalk_sglue)
c:/users/enric/appdata/roaming/code/user/globalstorage/bmd.stm32-for-vscode/@xpack-dev-tools/arm-none-eabi-gcc/12.3.1-1.2.1/.content/bin/../lib/gcc/arm-none-eabi/12.3.1/../../../../arm-none-eabi/lib/thumb/v7e-m+fp/hard\libc_nano.a(libc_a-sprintf.o)
                              build/main.o (sprintf)
c:/users/enric/appdata/roaming/code/user/globalstorage/bmd.stm32-for-vscode/@xpack-dev-tools/arm-none-eabi-gcc/12.3.1-1.2.1/.content/bin/../lib/gcc/arm-none-eabi/12.3.1/../../../../arm-none-eabi/lib/thumb/v7e-m+fp/hard\libc_nano.a(libc_a-stdio.o)
                              c:/users/enric/appdata/roaming/code/user/globalstorage/bmd.stm32-for-vscode/@xpack-dev-tools/arm-none-eabi-gcc/12.3.1-1.2.1/.content/bin/../lib/gcc/arm-none-eabi/12.3.1/../../../../arm-none-eabi/lib/thumb/v7e-m+fp/hard\libc_nano.a(libc_a-findfp.o) (__sread)
c:/users/enric/appdata/roaming/code/user/globalstorage/bmd.stm32-for-vscode/@xpack-dev-tools/arm-none-eabi-gcc/12.3.1-1.2.1/.content/bin/../lib/gcc/arm-none-eabi/12.3.1/../../../../arm-none-eabi/lib/thumb/v7e-m+fp/hard\libc_nano.a(libc_a-memset.o)
                              c:/users/enric/appdata/roaming/code/user/globalstorage/bmd.stm32-for-vscode/@xpack-dev-tools/arm-none-eabi-gcc/12.3.1-1.2.1/.content/bin/../lib/gcc/arm-none-eabi/12.3.1/../../../../arm-none-eabi/lib/thumb/v7e-m+fp/hard/crt0.o (memset)
c:/users/enric/appdata/roaming/code/user/globalstorage/bmd.stm32-for-vscode/@xpack-dev-tools/arm-none-eabi-gcc/12.3.1-1.2.1/.content/bin/../lib/gcc/arm-none-eabi/12.3.1/../../../../arm-none-eabi/lib/thumb/v7e-m+fp/hard\libc_nano.a(libc_a-closer.o)
                              c:/users/enric/appdata/roaming/code/user/globalstorage/bmd.stm32-for-vscode/@xpack-dev-tools/arm-none-eabi-gcc/12.3.1-1.2.1/.content/bin/../lib/gcc/arm-none-eabi/12.3.1/../../../../arm-none-eabi/lib/thumb/v7e-m+fp/hard\libc_nano.a(libc_a-stdio.o) (_close_r)
c:/users/enric/appdata/roaming/code/user/globalstorage/bmd.stm32-for-vscode/@xpack-dev-tools/arm-none-eabi-gcc/12.3.1-1.2.1/.content/bin/../lib/gcc/arm-none-eabi/12.3.1/../../../../arm-none-eabi/lib/thumb/v7e-m+fp/hard\libc_nano.a(libc_a-reent.o)
                              c:/users/enric/appdata/roaming/code/user/globalstorage/bmd.stm32-for-vscode/@xpack-dev-tools/arm-none-eabi-gcc/12.3.1-1.2.1/.content/bin/../lib/gcc/arm-none-eabi/12.3.1/../../../../arm-none-eabi/lib/thumb/v7e-m+fp/hard\libc_nano.a(libc_a-closer.o) (errno)
c:/users/enric/appdata/roaming/code/user/globalstorage/bmd.stm32-for-vscode/@xpack-dev-tools/arm-none-eabi-gcc/12.3.1-1.2.1/.content/bin/../lib/gcc/arm-none-eabi/12.3.1/../../../../arm-none-eabi/lib/thumb/v7e-m+fp/hard\libc_nano.a(libc_a-impure.o)
[...]
Memory Configuration

Name             Origin             Length             Attributes
RAM              0x20000000         0x00020000         xrw
FLASH            0x08000000         0x00080000         xr
*default*        0x00000000         0xffffffff

Linker script and memory map

LOAD c:/users/enric/appdata/roaming/code/user/globalstorage/bmd.stm32-for-vscode/@xpack-dev-tools/arm-none-eabi-gcc/12.3.1-1.2.1/.content/bin/../lib/gcc/arm-none-eabi/12.3.1/thumb/v7e-m+fp/hard/crti.o
LOAD c:/users/enric/appdata/roaming/code/user/globalstorage/bmd.stm32-for-vscode/@xpack-dev-tools/arm-none-eabi-gcc/12.3.1-1.2.1/.content/bin/../lib/gcc/arm-none-eabi/12.3.1/thumb/v7e-m+fp/hard/crtbegin.o
LOAD c:/users/enric/appdata/roaming/code/user/globalstorage/bmd.stm32-for-vscode/@xpack-dev-tools/arm-none-eabi-gcc/12.3.1-1.2.1/.content/bin/../lib/gcc/arm-none-eabi/12.3.1/../../../../arm-none-eabi/lib/thumb/v7e-m+fp/hard/crt0.o
LOAD build/adc.o
LOAD build/gpio.o
LOAD build/main.o
LOAD build/stm32g4xx_hal_msp.o
LOAD build/stm32g4xx_it.o
LOAD build/system_stm32g4xx.o
LOAD build/tim.o
LOAD build/usart.o
LOAD build/stm32g4xx_hal.o
LOAD build/stm32g4xx_hal_adc.o
LOAD build/stm32g4xx_hal_adc_ex.o
LOAD build/stm32g4xx_hal_cortex.o
LOAD build/stm32g4xx_hal_dma.o
LOAD build/stm32g4xx_hal_dma_ex.o
LOAD build/stm32g4xx_hal_exti.o
LOAD build/stm32g4xx_hal_flash.o
LOAD build/stm32g4xx_hal_flash_ex.o
LOAD build/stm32g4xx_hal_flash_ramfunc.o
LOAD build/stm32g4xx_hal_gpio.o
LOAD build/stm32g4xx_hal_pwr.o
LOAD build/stm32g4xx_hal_pwr_ex.o
LOAD build/stm32g4xx_hal_rcc.o
LOAD build/stm32g4xx_hal_rcc_ex.o
LOAD build/stm32g4xx_hal_tim.o
LOAD build/stm32g4xx_hal_tim_ex.o
LOAD build/stm32g4xx_hal_uart.o
LOAD build/stm32g4xx_hal_uart_ex.o
LOAD build/stm32g4xx_ll_adc.o
LOAD build/startup_stm32g474xx.o
LOAD c:/users/enric/appdata/roaming/code/user/globalstorage/bmd.stm32-for-vscode/@xpack-dev-tools/arm-none-eabi-gcc/12.3.1-1.2.1/.content/bin/../lib/gcc/arm-none-eabi/12.3.1/../../../../arm-none-eabi/lib/thumb/v7e-m+fp/hard\libc_nano.a
LOAD c:/users/enric/appdata/roaming/code/user/globalstorage/bmd.stm32-for-vscode/@xpack-dev-tools/arm-none-eabi-gcc/12.3.1-1.2.1/.content/bin/../lib/gcc/arm-none-eabi/12.3.1/../../../../arm-none-eabi/lib/thumb/v7e-m+fp/hard\libm.a
LOAD c:/users/enric/appdata/roaming/code/user/globalstorage/bmd.stm32-for-vscode/@xpack-dev-tools/arm-none-eabi-gcc/12.3.1-1.2.1/.content/bin/../lib/gcc/arm-none-eabi/12.3.1/../../../../arm-none-eabi/lib/thumb/v7e-m+fp/hard\libnosys.a
START GROUP
LOAD c:/users/enric/appdata/roaming/code/user/globalstorage/bmd.stm32-for-vscode/@xpack-dev-tools/arm-none-eabi-gcc/12.3.1-1.2.1/.content/bin/../lib/gcc/arm-none-eabi/12.3.1/thumb/v7e-m+fp/hard\libgcc.a
LOAD c:/users/enric/appdata/roaming/code/user/globalstorage/bmd.stm32-for-vscode/@xpack-dev-tools/arm-none-eabi-gcc/12.3.1-1.2.1/.content/bin/../lib/gcc/arm-none-eabi/12.3.1/../../../../arm-none-eabi/lib/thumb/v7e-m+fp/hard\libc_nano.a
END GROUP
START GROUP
LOAD c:/users/enric/appdata/roaming/code/user/globalstorage/bmd.stm32-for-vscode/@xpack-dev-tools/arm-none-eabi-gcc/12.3.1-1.2.1/.content/bin/../lib/gcc/arm-none-eabi/12.3.1/thumb/v7e-m+fp/hard\libgcc.a
LOAD c:/users/enric/appdata/roaming/code/user/globalstorage/bmd.stm32-for-vscode/@xpack-dev-tools/arm-none-eabi-gcc/12.3.1-1.2.1/.content/bin/../lib/gcc/arm-none-eabi/12.3.1/../../../../arm-none-eabi/lib/thumb/v7e-m+fp/hard\libc_nano.a
END GROUP
LOAD c:/users/enric/appdata/roaming/code/user/globalstorage/bmd.stm32-for-vscode/@xpack-dev-tools/arm-none-eabi-gcc/12.3.1-1.2.1/.content/bin/../lib/gcc/arm-none-eabi/12.3.1/thumb/v7e-m+fp/hard/crtend.o
LOAD c:/users/enric/appdata/roaming/code/user/globalstorage/bmd.stm32-for-vscode/@xpack-dev-tools/arm-none-eabi-gcc/12.3.1-1.2.1/.content/bin/../lib/gcc/arm-none-eabi/12.3.1/thumb/v7e-m+fp/hard/crtn.o
                0x20020000                        _estack = (ORIGIN (RAM) + LENGTH (RAM))
                0x00000200                        _Min_Heap_Size = 0x200
                0x00000400                        _Min_Stack_Size = 0x400

.isr_vector     0x08000000      0x1d8
                0x08000000                        . = ALIGN (0x4)
 *(.isr_vector)
 .isr_vector    0x08000000      0x1d8 build/startup_stm32g474xx.o
                0x08000000                g_pfnVectors
                0x080001d8                        . = ALIGN (0x4)

.text           0x080001e0     0x5ed0
                0x080001e0                        . = ALIGN (0x4)
 *(.text)
 .text          0x080001e0       0x10 c:/users/enric/appdata/roaming/code/user/globalstorage/bmd.stm32-for-vscode/@xpack-dev-tools/arm-none-eabi-gcc/12.3.1-1.2.1/.content/bin/../lib/gcc/arm-none-eabi/12.3.1/../../../../arm-none-eabi/lib/thumb/v7e-m+fp/hard\libc_nano.a(libc_a-strlen.o)
                0x080001e0                strlen
 .text          0x080001f0       0xa0 c:/users/enric/appdata/roaming/code/user/globalstorage/bmd.stm32-for-vscode/@xpack-dev-tools/arm-none-eabi-gcc/12.3.1-1.2.1/.content/bin/../lib/gcc/arm-none-eabi/12.3.1/../../../../arm-none-eabi/lib/thumb/v7e-m+fp/hard\libc_nano.a(libc_a-memchr.o)
                0x080001f0                memchr
 .text          0x08000290      0x378 c:/users/enric/appdata/roaming/code/user/globalstorage/bmd.stm32-for-vscode/@xpack-dev-tools/arm-none-eabi-gcc/12.3.1-1.2.1/.content/bin/../lib/gcc/arm-none-eabi/12.3.1/thumb/v7e-m+fp/hard\libgcc.a(_arm_addsubdf3.o)
                0x08000290                __aeabi_drsub
                0x08000298                __aeabi_dsub
                0x08000298                __subdf3
                0x0800029c                __aeabi_dadd
                0x0800029c                __adddf3
                0x08000514                __floatunsidf
                0x08000514                __aeabi_ui2d
                0x08000534                __floatsidf
                0x08000534                __aeabi_i2d
                0x08000558                __aeabi_f2d
                0x08000558                __extendsfdf2
                0x0800059c                __floatundidf
                0x0800059c                __aeabi_ul2d
                0x080005ac                __floatdidf
                0x080005ac                __aeabi_l2d
 .text          0x08000608      0x424 c:/users/enric/appdata/roaming/code/user/globalstorage/bmd.stm32-for-vscode/@xpack-dev-tools/arm-none-eabi-gcc/12.3.1-1.2.1/.content/bin/../lib/gcc/arm-none-eabi/12.3.1/thumb/v7e-m+fp/hard\libgcc.a(_arm_muldivdf3.o)
                0x08000608                __aeabi_dmul
                0x08000608                __muldf3
                0x0800085c                __divdf3
                0x0800085c                __aeabi_ddiv
 .text          0x08000a2c      0x110 c:/users/enric/appdata/roaming/code/user/globalstorage/bmd.stm32-for-vscode/@xpack-dev-tools/arm-none-eabi-gcc/12.3.1-1.2.1/.content/bin/../lib/gcc/arm-none-eabi/12.3.1/thumb/v7e-m+fp/hard\libgcc.a(_arm_cmpdf2.o)
                0x08000a2c                __gtdf2
                0x08000a2c                __gedf2
                0x08000a34                __ltdf2
                0x08000a34                __ledf2
                0x08000a3c                __nedf2
                0x08000a3c                __eqdf2
                0x08000a3c                __cmpdf2
                0x08000ab8                __aeabi_cdrcmple
                0x08000ac8                __aeabi_cdcmpeq
                0x08000ac8                __aeabi_cdcmple
                0x08000ad8                __aeabi_dcmpeq
                0x08000aec                __aeabi_dcmplt
                0x08000b00                __aeabi_dcmple
                0x08000b14                __aeabi_dcmpge
                0x08000b28                __aeabi_dcmpgt
 .text          0x08000b3c       0x2c c:/users/enric/appdata/roaming/code/user/globalstorage/bmd.stm32-for-vscode/@xpack-dev-tools/arm-none-eabi-gcc/12.3.1-1.2.1/.content/bin/../lib/gcc/arm-none-eabi/12.3.1/thumb/v7e-m+fp/hard\libgcc.a(_arm_unorddf2.o)
                0x08000b3c                __unorddf2
                0x08000b3c                __aeabi_dcmpun
 .text          0x08000b68       0x50 c:/users/enric/appdata/roaming/code/user/globalstorage/bmd.stm32-for-vscode/@xpack-dev-tools/arm-none-eabi-gcc/12.3.1-1.2.1/.content/bin/../lib/gcc/arm-none-eabi/12.3.1/thumb/v7e-m+fp/hard\libgcc.a(_arm_fixdfsi.o)
                0x08000b68                __aeabi_d2iz
                0x08000b68                __fixdfsi
 .text          0x08000bb8       0xa0 c:/users/enric/appdata/roaming/code/user/globalstorage/bmd.stm32-for-vscode/@xpack-dev-tools/arm-none-eabi-gcc/12.3.1-1.2.1/.content/bin/../lib/gcc/arm-none-eabi/12.3.1/thumb/v7e-m+fp/hard\libgcc.a(_arm_truncdfsf2.o)
                0x08000bb8                __truncdfsf2
                0x08000bb8                __aeabi_d2f
 .text          0x08000c58       0x30 c:/users/enric/appdata/roaming/code/user/globalstorage/bmd.stm32-for-vscode/@xpack-dev-tools/arm-none-eabi-gcc/12.3.1-1.2.1/.content/bin/../lib/gcc/arm-none-eabi/12.3.1/thumb/v7e-m+fp/hard\libgcc.a(_aeabi_uldivmod.o)
                0x08000c58                __aeabi_uldivmod
 .text          0x08000c88        0x4 c:/users/enric/appdata/roaming/code/user/globalstorage/bmd.stm32-for-vscode/@xpack-dev-tools/arm-none-eabi-gcc/12.3.1-1.2.1/.content/bin/../lib/gcc/arm-none-eabi/12.3.1/thumb/v7e-m+fp/hard\libgcc.a(_dvmd_tls.o)
                0x08000c88                __aeabi_idiv0
                0x08000c88                __aeabi_ldiv0
 *(.text*)
 .text.__do_global_dtors_aux
                0x08000c8c       0x24 c:/users/enric/appdata/roaming/code/user/globalstorage/bmd.stm32-for-vscode/@xpack-dev-tools/arm-none-eabi-gcc/12.3.1-1.2.1/.content/bin/../lib/gcc/arm-none-eabi/12.3.1/thumb/v7e-m+fp/hard/crtbegin.o
 .text.frame_dummy
                0x08000cb0       0x1c c:/users/enric/appdata/roaming/code/user/globalstorage/bmd.stm32-for-vscode/@xpack-dev-tools/arm-none-eabi-gcc/12.3.1-1.2.1/.content/bin/../lib/gcc/arm-none-eabi/12.3.1/thumb/v7e-m+fp/hard/crtbegin.o
 .text.MX_ADC1_Init
                0x08000ccc       0xa0 build/adc.o
                0x08000ccc                MX_ADC1_Init
 .text.HAL_ADC_MspInit
                0x08000d6c       0x84 build/adc.o
                0x08000d6c                HAL_ADC_MspInit
 .text.MX_GPIO_Init
                0x08000df0       0xb0 build/gpio.o
                0x08000df0                MX_GPIO_Init
 .text.convert_ms_to_hhmmssms
                0x08000ea0       0x68 build/main.o
                0x08000ea0                convert_ms_to_hhmmssms
 .text.get_timestamp
                0x08000f08       0x34 build/main.o
                0x08000f08                get_timestamp
 *fill*         0x08000f3c        0x4 
 .text.elapsed_tim2_callback
                0x08000f40       0xe0 build/main.o
                0x08000f40                elapsed_tim2_callback
 .text.Error_Handler
                0x08001020        0x4 build/main.o
                0x08001020                Error_Handler
 .text.SystemClock_Config
                0x08001024       0x70 build/main.o
                0x08001024                SystemClock_Config
 .text.main     0x08001094       0x44 build/main.o
                0x08001094                main
 .text.HAL_MspInit
                0x080010d8       0x38 build/stm32g4xx_hal_msp.o
                0x080010d8                HAL_MspInit
 .text.NMI_Handler
                0x08001110        0x2 build/stm32g4xx_it.o
                0x08001110                NMI_Handler
 .text.HardFault_Handler
                0x08001112        0x2 build/stm32g4xx_it.o
                0x08001112                HardFault_Handler
 .text.MemManage_Handler
                0x08001114        0x2 build/stm32g4xx_it.o
                0x08001114                MemManage_Handler
 .text.BusFault_Handler
                0x08001116        0x2 build/stm32g4xx_it.o
                0x08001116                BusFault_Handler
 .text.UsageFault_Handler
                0x08001118        0x2 build/stm32g4xx_it.o
                0x08001118                UsageFault_Handler
 .text.SVC_Handler
                0x0800111a        0x2 build/stm32g4xx_it.o
                0x0800111a                SVC_Handler
 .text.DebugMon_Handler
                0x0800111c        0x2 build/stm32g4xx_it.o
                0x0800111c                DebugMon_Handler
 .text.PendSV_Handler
                0x0800111e        0x2 build/stm32g4xx_it.o
                0x0800111e                PendSV_Handler
 .text.SysTick_Handler
                0x08001120        0x8 build/stm32g4xx_it.o
                0x08001120                SysTick_Handler
 .text.TIM2_IRQHandler
                0x08001128       0x10 build/stm32g4xx_it.o
                0x08001128                TIM2_IRQHandler
 .text.EXTI15_10_IRQHandler
                0x08001138        0xc build/stm32g4xx_it.o
                0x08001138                EXTI15_10_IRQHandler
 .text.SystemInit
                0x08001144       0x14 build/system_stm32g4xx.o
                0x08001144                SystemInit
 .text.MX_TIM2_Init
                0x08001158       0x70 build/tim.o
                0x08001158                MX_TIM2_Init
 .text.HAL_TIM_Base_MspInit
                0x080011c8       0x3a build/tim.o
                0x080011c8                HAL_TIM_Base_MspInit
 *fill*         0x08001202        0x2 
 .text.MX_LPUART1_UART_Init
                0x08001204       0x68 build/usart.o
                0x08001204                MX_LPUART1_UART_Init
 .text.HAL_UART_MspInit
                0x0800126c       0x84 build/usart.o
                0x0800126c                HAL_UART_MspInit
 .text.HAL_InitTick
                0x080012f0       0x50 build/stm32g4xx_hal.o
                0x080012f0                HAL_InitTick
 .text.HAL_Init
                0x08001340       0x1e build/stm32g4xx_hal.o
                0x08001340                HAL_Init
 *fill*         0x0800135e        0x2 
 .text.HAL_IncTick
                0x08001360       0x18 build/stm32g4xx_hal.o
                0x08001360                HAL_IncTick
 .text.HAL_GetTick
                0x08001378        0xc build/stm32g4xx_hal.o
                0x08001378                HAL_GetTick
 .text.LL_ADC_REG_SetSequencerRanks
                0x08001384       0x30 build/stm32g4xx_hal_adc.o
 .text.LL_ADC_SetChannelSamplingTime
                0x080013b4       0x2c build/stm32g4xx_hal_adc.o
 .text.HAL_ADC_Init
                0x080013e0      0x2a8 build/stm32g4xx_hal_adc.o
                0x080013e0                HAL_ADC_Init
 .text.HAL_ADC_PollForConversion
                0x08001688      0x158 build/stm32g4xx_hal_adc.o
                0x08001688                HAL_ADC_PollForConversion
 .text.HAL_ADC_GetValue
                0x080017e0        0x6 build/stm32g4xx_hal_adc.o
                0x080017e0                HAL_ADC_GetValue
 *fill*         0x080017e6        0x2 
 .text.HAL_ADC_ConfigChannel
                0x080017e8      0x4b4 build/stm32g4xx_hal_adc.o
                0x080017e8                HAL_ADC_ConfigChannel
 .text.ADC_ConversionStop
                0x08001c9c      0x104 build/stm32g4xx_hal_adc.o
                0x08001c9c                ADC_ConversionStop
 .text.ADC_Enable
                0x08001da0       0x98 build/stm32g4xx_hal_adc.o
                0x08001da0                ADC_Enable
 .text.HAL_ADC_Start
                0x08001e38      0x134 build/stm32g4xx_hal_adc.o
                0x08001e38                HAL_ADC_Start
 .text.ADC_Disable
                0x08001f6c       0x94 build/stm32g4xx_hal_adc.o
                0x08001f6c                ADC_Disable
 .text.HAL_ADC_Stop
                0x08002000       0x42 build/stm32g4xx_hal_adc.o
                0x08002000                HAL_ADC_Stop
 *fill*         0x08002042        0x2 
 .text.HAL_ADCEx_Calibration_Start
                0x08002044       0x9c build/stm32g4xx_hal_adc_ex.o
                0x08002044                HAL_ADCEx_Calibration_Start
 .text.HAL_ADCEx_MultiModeConfigChannel
                0x080020e0      0x1d4 build/stm32g4xx_hal_adc_ex.o
                0x080020e0                HAL_ADCEx_MultiModeConfigChannel
 .text.__NVIC_EnableIRQ
                0x080022b4       0x1c build/stm32g4xx_hal_cortex.o
 .text.__NVIC_SetPriority
                0x080022d0       0x28 build/stm32g4xx_hal_cortex.o
 .text.NVIC_EncodePriority
                0x080022f8       0x3e build/stm32g4xx_hal_cortex.o
 *fill*         0x08002336        0x2 
 .text.HAL_NVIC_SetPriorityGrouping
                0x08002338       0x24 build/stm32g4xx_hal_cortex.o
                0x08002338                HAL_NVIC_SetPriorityGrouping
 .text.HAL_NVIC_SetPriority
                0x0800235c       0x20 build/stm32g4xx_hal_cortex.o
                0x0800235c                HAL_NVIC_SetPriority
 .text.HAL_NVIC_EnableIRQ
                0x0800237c        0x8 build/stm32g4xx_hal_cortex.o
                0x0800237c                HAL_NVIC_EnableIRQ
 .text.HAL_SYSTICK_Config
                0x08002384       0x28 build/stm32g4xx_hal_cortex.o
                0x08002384                HAL_SYSTICK_Config
 .text.HAL_GPIO_Init
                0x080023ac      0x1d4 build/stm32g4xx_hal_gpio.o
                0x080023ac                HAL_GPIO_Init
 .text.HAL_GPIO_WritePin
                0x08002580        0xa build/stm32g4xx_hal_gpio.o
                0x08002580                HAL_GPIO_WritePin
 .text.HAL_GPIO_EXTI_Callback
                0x0800258a        0x2 build/stm32g4xx_hal_gpio.o
                0x0800258a                HAL_GPIO_EXTI_Callback
 .text.HAL_GPIO_EXTI_IRQHandler
                0x0800258c       0x1c build/stm32g4xx_hal_gpio.o
                0x0800258c                HAL_GPIO_EXTI_IRQHandler
 .text.HAL_PWREx_ControlVoltageScaling
                0x080025a8      0x10c build/stm32g4xx_hal_pwr_ex.o
                0x080025a8                HAL_PWREx_ControlVoltageScaling
 .text.HAL_PWREx_DisableUCPDDeadBattery
                0x080026b4       0x10 build/stm32g4xx_hal_pwr_ex.o
                0x080026b4                HAL_PWREx_DisableUCPDDeadBattery
 .text.RCC_GetSysClockFreqFromPLLSource
                0x080026c4       0x58 build/stm32g4xx_hal_rcc.o
 .text.HAL_RCC_OscConfig
                0x0800271c      0x4e8 build/stm32g4xx_hal_rcc.o
                0x0800271c                HAL_RCC_OscConfig
 .text.HAL_RCC_GetSysClockFreq
                0x08002c04       0x88 build/stm32g4xx_hal_rcc.o
                0x08002c04                HAL_RCC_GetSysClockFreq
 .text.HAL_RCC_ClockConfig
                0x08002c8c      0x1f8 build/stm32g4xx_hal_rcc.o
                0x08002c8c                HAL_RCC_ClockConfig
 .text.HAL_RCC_GetHCLKFreq
                0x08002e84        0xc build/stm32g4xx_hal_rcc.o
                0x08002e84                HAL_RCC_GetHCLKFreq
 .text.HAL_RCC_GetPCLK1Freq
                0x08002e90       0x24 build/stm32g4xx_hal_rcc.o
                0x08002e90                HAL_RCC_GetPCLK1Freq
 .text.HAL_RCC_GetPCLK2Freq
                0x08002eb4       0x24 build/stm32g4xx_hal_rcc.o
                0x08002eb4                HAL_RCC_GetPCLK2Freq
 .text.HAL_RCCEx_PeriphCLKConfig
                0x08002ed8      0x378 build/stm32g4xx_hal_rcc_ex.o
                0x08002ed8                HAL_RCCEx_PeriphCLKConfig
 .text.HAL_TIM_PeriodElapsedCallback
                0x08003250        0x2 build/stm32g4xx_hal_tim.o
                0x08003250                HAL_TIM_PeriodElapsedCallback
 .text.HAL_TIM_PeriodElapsedHalfCpltCallback
                0x08003252        0x2 build/stm32g4xx_hal_tim.o
                0x08003252                HAL_TIM_PeriodElapsedHalfCpltCallback
 .text.HAL_TIM_OC_DelayElapsedCallback
                0x08003254        0x2 build/stm32g4xx_hal_tim.o
                0x08003254                HAL_TIM_OC_DelayElapsedCallback
 .text.HAL_TIM_IC_CaptureCallback
                0x08003256        0x2 build/stm32g4xx_hal_tim.o
                0x08003256                HAL_TIM_IC_CaptureCallback
 .text.HAL_TIM_IC_CaptureHalfCpltCallback
                0x08003258        0x2 build/stm32g4xx_hal_tim.o
                0x08003258                HAL_TIM_IC_CaptureHalfCpltCallback
 .text.HAL_TIM_PWM_PulseFinishedCallback
                0x0800325a        0x2 build/stm32g4xx_hal_tim.o
                0x0800325a                HAL_TIM_PWM_PulseFinishedCallback
 .text.HAL_TIM_PWM_PulseFinishedHalfCpltCallback
                0x0800325c        0x2 build/stm32g4xx_hal_tim.o
                0x0800325c                HAL_TIM_PWM_PulseFinishedHalfCpltCallback
 .text.HAL_TIM_TriggerCallback
                0x0800325e        0x2 build/stm32g4xx_hal_tim.o
                0x0800325e                HAL_TIM_TriggerCallback
 .text.HAL_TIM_TriggerHalfCpltCallback
                0x08003260        0x2 build/stm32g4xx_hal_tim.o
                0x08003260                HAL_TIM_TriggerHalfCpltCallback
 .text.HAL_TIM_ErrorCallback
                0x08003262        0x2 build/stm32g4xx_hal_tim.o
                0x08003262                HAL_TIM_ErrorCallback
 .text.TIM_TI1_ConfigInputStage
                0x08003264       0x26 build/stm32g4xx_hal_tim.o
 .text.TIM_TI2_ConfigInputStage
                0x0800328a       0x28 build/stm32g4xx_hal_tim.o
 .text.TIM_ITRx_SetConfig
                0x080032b2       0x14 build/stm32g4xx_hal_tim.o
 *fill*         0x080032c6        0x2 
 .text.HAL_TIM_Base_Start_IT
                0x080032c8       0x94 build/stm32g4xx_hal_tim.o
                0x080032c8                HAL_TIM_Base_Start_IT
 .text.HAL_TIM_IRQHandler
                0x0800335c      0x23a build/stm32g4xx_hal_tim.o
                0x0800335c                HAL_TIM_IRQHandler
 .text.HAL_TIM_RegisterCallback
                0x08003596      0x1b2 build/stm32g4xx_hal_tim.o
                0x08003596                HAL_TIM_RegisterCallback
 .text.TIM_Base_SetConfig
                0x08003748       0xe0 build/stm32g4xx_hal_tim.o
                0x08003748                TIM_Base_SetConfig
 .text.TIM_ETR_SetConfig
                0x08003828       0x1a build/stm32g4xx_hal_tim.o
                0x08003828                TIM_ETR_SetConfig
 *fill*         0x08003842        0x2 
 .text.HAL_TIM_ConfigClockSource
                0x08003844      0x154 build/stm32g4xx_hal_tim.o
                0x08003844                HAL_TIM_ConfigClockSource
 .text.TIM_ResetCallback
                0x08003998       0xb8 build/stm32g4xx_hal_tim.o
                0x08003998                TIM_ResetCallback
 .text.HAL_TIM_Base_Init
                0x08003a50       0x74 build/stm32g4xx_hal_tim.o
                0x08003a50                HAL_TIM_Base_Init
 .text.HAL_TIMEx_MasterConfigSynchronization
                0x08003ac4       0xac build/stm32g4xx_hal_tim_ex.o
                0x08003ac4                HAL_TIMEx_MasterConfigSynchronization
 .text.HAL_TIMEx_CommutCallback
                0x08003b70        0x2 build/stm32g4xx_hal_tim_ex.o
                0x08003b70                HAL_TIMEx_CommutCallback
 .text.HAL_TIMEx_CommutHalfCpltCallback
                0x08003b72        0x2 build/stm32g4xx_hal_tim_ex.o
                0x08003b72                HAL_TIMEx_CommutHalfCpltCallback
 .text.HAL_TIMEx_BreakCallback
                0x08003b74        0x2 build/stm32g4xx_hal_tim_ex.o
                0x08003b74                HAL_TIMEx_BreakCallback
 .text.HAL_TIMEx_Break2Callback
                0x08003b76        0x2 build/stm32g4xx_hal_tim_ex.o
                0x08003b76                HAL_TIMEx_Break2Callback
 .text.HAL_TIMEx_EncoderIndexCallback
                0x08003b78        0x2 build/stm32g4xx_hal_tim_ex.o
                0x08003b78                HAL_TIMEx_EncoderIndexCallback
 .text.HAL_TIMEx_DirectionChangeCallback
                0x08003b7a        0x2 build/stm32g4xx_hal_tim_ex.o
                0x08003b7a                HAL_TIMEx_DirectionChangeCallback
 .text.HAL_TIMEx_IndexErrorCallback
                0x08003b7c        0x2 build/stm32g4xx_hal_tim_ex.o
                0x08003b7c                HAL_TIMEx_IndexErrorCallback
 .text.HAL_TIMEx_TransitionErrorCallback
                0x08003b7e        0x2 build/stm32g4xx_hal_tim_ex.o
                0x08003b7e                HAL_TIMEx_TransitionErrorCallback
 .text.UART_SetConfig
                0x08003b80      0x388 build/stm32g4xx_hal_uart.o
                0x08003b80                UART_SetConfig
 .text.UART_AdvFeatureConfig
                0x08003f08       0xca build/stm32g4xx_hal_uart.o
                0x08003f08                UART_AdvFeatureConfig
 .text.UART_WaitOnFlagUntilTimeout
                0x08003fd2       0xd8 build/stm32g4xx_hal_uart.o
                0x08003fd2                UART_WaitOnFlagUntilTimeout
 .text.HAL_UART_Transmit
                0x080040aa       0xde build/stm32g4xx_hal_uart.o
                0x080040aa                HAL_UART_Transmit
 .text.UART_CheckIdleState
                0x08004188       0x74 build/stm32g4xx_hal_uart.o
                0x08004188                UART_CheckIdleState
 .text.HAL_UART_Init
                0x080041fc       0x66 build/stm32g4xx_hal_uart.o
                0x080041fc                HAL_UART_Init
 *fill*         0x08004262        0x2 
 .text.UARTEx_SetNbDataToProcess
                0x08004264       0x4c build/stm32g4xx_hal_uart_ex.o
 .text.HAL_UARTEx_DisableFifoMode
                0x080042b0       0x3e build/stm32g4xx_hal_uart_ex.o
                0x080042b0                HAL_UARTEx_DisableFifoMode
 .text.HAL_UARTEx_SetTxFifoThreshold
                0x080042ee       0x4a build/stm32g4xx_hal_uart_ex.o
                0x080042ee                HAL_UARTEx_SetTxFifoThreshold
 .text.HAL_UARTEx_SetRxFifoThreshold
                0x08004338       0x4a build/stm32g4xx_hal_uart_ex.o
                0x08004338                HAL_UARTEx_SetRxFifoThreshold
 *fill*         0x08004382        0x2 
 .text.Reset_Handler
                0x08004384       0x50 build/startup_stm32g474xx.o
                0x08004384                Reset_Handler
 .text.Default_Handler
                0x080043d4        0x2 build/startup_stm32g474xx.o
                0x080043d4                RTC_Alarm_IRQHandler
                0x080043d4                EXTI2_IRQHandler
                0x080043d4                TIM8_TRG_COM_IRQHandler
                0x080043d4                TIM8_CC_IRQHandler
                0x080043d4                HRTIM1_Master_IRQHandler
                0x080043d4                SPI4_IRQHandler
                0x080043d4                FDCAN3_IT0_IRQHandler
                0x080043d4                TIM1_CC_IRQHandler
                0x080043d4                HRTIM1_FLT_IRQHandler
                0x080043d4                HRTIM1_TIMF_IRQHandler
                0x080043d4                USB_HP_IRQHandler
                0x080043d4                CORDIC_IRQHandler
                0x080043d4                HRTIM1_TIMD_IRQHandler
                0x080043d4                DMA2_Channel8_IRQHandler
                0x080043d4                EXTI3_IRQHandler
                0x080043d4                I2C3_ER_IRQHandler
                0x080043d4                EXTI0_IRQHandler
                0x080043d4                I2C2_EV_IRQHandler
                0x080043d4                FPU_IRQHandler
                0x080043d4                FDCAN1_IT1_IRQHandler
                0x080043d4                TIM1_UP_TIM16_IRQHandler
                0x080043d4                ADC1_2_IRQHandler
                0x080043d4                HRTIM1_TIME_IRQHandler
                0x080043d4                SPI1_IRQHandler
                0x080043d4                TIM6_DAC_IRQHandler
                0x080043d4                HRTIM1_TIMC_IRQHandler
                0x080043d4                TIM8_UP_IRQHandler
                0x080043d4                DMA2_Channel2_IRQHandler
                0x080043d4                DMA1_Channel4_IRQHandler
                0x080043d4                TIM20_TRG_COM_IRQHandler
                0x080043d4                USART3_IRQHandler
                0x080043d4                DMA1_Channel7_IRQHandler
                0x080043d4                UART5_IRQHandler
                0x080043d4                ADC3_IRQHandler
                0x080043d4                TIM4_IRQHandler
                0x080043d4                DMA2_Channel1_IRQHandler
                0x080043d4                QUADSPI_IRQHandler
                0x080043d4                I2C1_EV_IRQHandler
                0x080043d4                DMA1_Channel6_IRQHandler
                0x080043d4                UART4_IRQHandler
                0x080043d4                DMA2_Channel4_IRQHandler
                0x080043d4                TIM3_IRQHandler
                0x080043d4                RCC_IRQHandler
                0x080043d4                TIM20_UP_IRQHandler
                0x080043d4                DMA1_Channel1_IRQHandler
                0x080043d4                Default_Handler
                0x080043d4                DMA2_Channel7_IRQHandler
                0x080043d4                RTC_TAMP_LSECSS_IRQHandler
                0x080043d4                FMAC_IRQHandler
                0x080043d4                DMA1_Channel8_IRQHandler
                0x080043d4                HRTIM1_TIMA_IRQHandler
                0x080043d4                TIM7_DAC_IRQHandler
                0x080043d4                FDCAN3_IT1_IRQHandler
                0x080043d4                TIM5_IRQHandler
                0x080043d4                UCPD1_IRQHandler
                0x080043d4                I2C3_EV_IRQHandler
                0x080043d4                EXTI9_5_IRQHandler
                0x080043d4                RTC_WKUP_IRQHandler
                0x080043d4                PVD_PVM_IRQHandler
                0x080043d4                SPI2_IRQHandler
                0x080043d4                ADC5_IRQHandler
                0x080043d4                DMA2_Channel5_IRQHandler
                0x080043d4                CRS_IRQHandler
                0x080043d4                DMA1_Channel5_IRQHandler
                0x080043d4                USB_LP_IRQHandler
                0x080043d4                EXTI4_IRQHandler
                0x080043d4                RNG_IRQHandler
                0x080043d4                HRTIM1_TIMB_IRQHandler
                0x080043d4                TIM1_TRG_COM_TIM17_IRQHandler
                0x080043d4                FDCAN2_IT1_IRQHandler
                0x080043d4                DMA1_Channel3_IRQHandler
                0x080043d4                ADC4_IRQHandler
                0x080043d4                WWDG_IRQHandler
                0x080043d4                I2C4_EV_IRQHandler
                0x080043d4                FDCAN2_IT0_IRQHandler
                0x080043d4                LPUART1_IRQHandler
                0x080043d4                DMA2_Channel6_IRQHandler
                0x080043d4                FDCAN1_IT0_IRQHandler
                0x080043d4                COMP7_IRQHandler
                0x080043d4                COMP1_2_3_IRQHandler
                0x080043d4                EXTI1_IRQHandler
                0x080043d4                USART2_IRQHandler
                0x080043d4                COMP4_5_6_IRQHandler
                0x080043d4                TIM20_BRK_IRQHandler
                0x080043d4                I2C2_ER_IRQHandler
                0x080043d4                DMA1_Channel2_IRQHandler
                0x080043d4                TIM8_BRK_IRQHandler
                0x080043d4                FLASH_IRQHandler
                0x080043d4                TIM20_CC_IRQHandler
                0x080043d4                USART1_IRQHandler
                0x080043d4                SPI3_IRQHandler
                0x080043d4                I2C1_ER_IRQHandler
                0x080043d4                FMC_IRQHandler
                0x080043d4                LPTIM1_IRQHandler
                0x080043d4                DMAMUX_OVR_IRQHandler
                0x080043d4                I2C4_ER_IRQHandler
                0x080043d4                USBWakeUp_IRQHandler
                0x080043d4                SAI1_IRQHandler
                0x080043d4                DMA2_Channel3_IRQHandler
                0x080043d4                TIM1_BRK_TIM15_IRQHandler
 *fill*         0x080043d6        0x2 
 .text.sprintf  0x080043d8       0x40 c:/users/enric/appdata/roaming/code/user/globalstorage/bmd.stm32-for-vscode/@xpack-dev-tools/arm-none-eabi-gcc/12.3.1-1.2.1/.content/bin/../lib/gcc/arm-none-eabi/12.3.1/../../../../arm-none-eabi/lib/thumb/v7e-m+fp/hard\libc_nano.a(libc_a-sprintf.o)
                0x080043d8                siprintf
                0x080043d8                sprintf
 .text.memset   0x08004418       0x10 c:/users/enric/appdata/roaming/code/user/globalstorage/bmd.stm32-for-vscode/@xpack-dev-tools/arm-none-eabi-gcc/12.3.1-1.2.1/.content/bin/../lib/gcc/arm-none-eabi/12.3.1/../../../../arm-none-eabi/lib/thumb/v7e-m+fp/hard\libc_nano.a(libc_a-memset.o)
                0x08004418                memset
 .text.__libc_init_array
                0x08004428       0x48 c:/users/enric/appdata/roaming/code/user/globalstorage/bmd.stm32-for-vscode/@xpack-dev-tools/arm-none-eabi-gcc/12.3.1-1.2.1/.content/bin/../lib/gcc/arm-none-eabi/12.3.1/../../../../arm-none-eabi/lib/thumb/v7e-m+fp/hard\libc_nano.a(libc_a-init.o)
                0x08004428                __libc_init_array
 .text.__retarget_lock_acquire_recursive
                0x08004470        0x2 c:/users/enric/appdata/roaming/code/user/globalstorage/bmd.stm32-for-vscode/@xpack-dev-tools/arm-none-eabi-gcc/12.3.1-1.2.1/.content/bin/../lib/gcc/arm-none-eabi/12.3.1/../../../../arm-none-eabi/lib/thumb/v7e-m+fp/hard\libc_nano.a(libc_a-lock.o)
                0x08004470                __retarget_lock_acquire_recursive
 .text.__retarget_lock_release_recursive
                0x08004472        0x2 c:/users/enric/appdata/roaming/code/user/globalstorage/bmd.stm32-for-vscode/@xpack-dev-tools/arm-none-eabi-gcc/12.3.1-1.2.1/.content/bin/../lib/gcc/arm-none-eabi/12.3.1/../../../../arm-none-eabi/lib/thumb/v7e-m+fp/hard\libc_nano.a(libc_a-lock.o)
                0x08004472                __retarget_lock_release_recursive
 .text._free_r  0x08004474       0x94 c:/users/enric/appdata/roaming/code/user/globalstorage/bmd.stm32-for-vscode/@xpack-dev-tools/arm-none-eabi-gcc/12.3.1-1.2.1/.content/bin/../lib/gcc/arm-none-eabi/12.3.1/../../../../arm-none-eabi/lib/thumb/v7e-m+fp/hard\libc_nano.a(libc_a-freer.o)
                0x08004474                _free_r
 .text.sbrk_aligned
                0x08004508       0x44 c:/users/enric/appdata/roaming/code/user/globalstorage/bmd.stm32-for-vscode/@xpack-dev-tools/arm-none-eabi-gcc/12.3.1-1.2.1/.content/bin/../lib/gcc/arm-none-eabi/12.3.1/../../../../arm-none-eabi/lib/thumb/v7e-m+fp/hard\libc_nano.a(libc_a-mallocr.o)
 .text._malloc_r
                0x0800454c      0x100 c:/users/enric/appdata/roaming/code/user/globalstorage/bmd.stm32-for-vscode/@xpack-dev-tools/arm-none-eabi-gcc/12.3.1-1.2.1/.content/bin/../lib/gcc/arm-none-eabi/12.3.1/../../../../arm-none-eabi/lib/thumb/v7e-m+fp/hard\libc_nano.a(libc_a-mallocr.o)
                0x0800454c                _malloc_r
 .text.__malloc_lock
                0x0800464c        0xc c:/users/enric/appdata/roaming/code/user/globalstorage/bmd.stm32-for-vscode/@xpack-dev-tools/arm-none-eabi-gcc/12.3.1-1.2.1/.content/bin/../lib/gcc/arm-none-eabi/12.3.1/../../../../arm-none-eabi/lib/thumb/v7e-m+fp/hard\libc_nano.a(libc_a-mlock.o)
                0x0800464c                __malloc_lock
 .text.__malloc_unlock
                0x08004658        0xc c:/users/enric/appdata/roaming/code/user/globalstorage/bmd.stm32-for-vscode/@xpack-dev-tools/arm-none-eabi-gcc/12.3.1-1.2.1/.content/bin/../lib/gcc/arm-none-eabi/12.3.1/../../../../arm-none-eabi/lib/thumb/v7e-m+fp/hard\libc_nano.a(libc_a-mlock.o)
                0x08004658                __malloc_unlock
 .text.__ssputs_r
                0x08004664       0xb6 c:/users/enric/appdata/roaming/code/user/globalstorage/bmd.stm32-for-vscode/@xpack-dev-tools/arm-none-eabi-gcc/12.3.1-1.2.1/.content/bin/../lib/gcc/arm-none-eabi/12.3.1/../../../../arm-none-eabi/lib/thumb/v7e-m+fp/hard\libc_nano.a(libc_a-nano-svfprintf.o)
                0x08004664                __ssputs_r
 *fill*         0x0800471a        0x2 
 .text._svfprintf_r
                0x0800471c      0x1f8 c:/users/enric/appdata/roaming/code/user/globalstorage/bmd.stm32-for-vscode/@xpack-dev-tools/arm-none-eabi-gcc/12.3.1-1.2.1/.content/bin/../lib/gcc/arm-none-eabi/12.3.1/../../../../arm-none-eabi/lib/thumb/v7e-m+fp/hard\libc_nano.a(libc_a-nano-svfprintf.o)
                0x0800471c                _svfiprintf_r
                0x0800471c                _svfprintf_r
 .text._printf_common
                0x08004914       0xda c:/users/enric/appdata/roaming/code/user/globalstorage/bmd.stm32-for-vscode/@xpack-dev-tools/arm-none-eabi-gcc/12.3.1-1.2.1/.content/bin/../lib/gcc/arm-none-eabi/12.3.1/../../../../arm-none-eabi/lib/thumb/v7e-m+fp/hard\libc_nano.a(libc_a-nano-vfprintf_i.o)
                0x08004914                _printf_common
 *fill*         0x080049ee        0x2 
 .text._printf_i
                0x080049f0      0x258 c:/users/enric/appdata/roaming/code/user/globalstorage/bmd.stm32-for-vscode/@xpack-dev-tools/arm-none-eabi-gcc/12.3.1-1.2.1/.content/bin/../lib/gcc/arm-none-eabi/12.3.1/../../../../arm-none-eabi/lib/thumb/v7e-m+fp/hard\libc_nano.a(libc_a-nano-vfprintf_i.o)
                0x080049f0                _printf_i
 .text.memmove  0x08004c48       0x34 c:/users/enric/appdata/roaming/code/user/globalstorage/bmd.stm32-for-vscode/@xpack-dev-tools/arm-none-eabi-gcc/12.3.1-1.2.1/.content/bin/../lib/gcc/arm-none-eabi/12.3.1/../../../../arm-none-eabi/lib/thumb/v7e-m+fp/hard\libc_nano.a(libc_a-memmove.o)
                0x08004c48                memmove
 .text._sbrk_r  0x08004c7c       0x20 c:/users/enric/appdata/roaming/code/user/globalstorage/bmd.stm32-for-vscode/@xpack-dev-tools/arm-none-eabi-gcc/12.3.1-1.2.1/.content/bin/../lib/gcc/arm-none-eabi/12.3.1/../../../../arm-none-eabi/lib/thumb/v7e-m+fp/hard\libc_nano.a(libc_a-sbrkr.o)
                0x08004c7c                _sbrk_r
 .text.memcpy   0x08004c9c       0x1c c:/users/enric/appdata/roaming/code/user/globalstorage/bmd.stm32-for-vscode/@xpack-dev-tools/arm-none-eabi-gcc/12.3.1-1.2.1/.content/bin/../lib/gcc/arm-none-eabi/12.3.1/../../../../arm-none-eabi/lib/thumb/v7e-m+fp/hard\libc_nano.a(libc_a-memcpy-stub.o)
                0x08004c9c                memcpy
 .text._realloc_r
                0x08004cb8       0x5c c:/users/enric/appdata/roaming/code/user/globalstorage/bmd.stm32-for-vscode/@xpack-dev-tools/arm-none-eabi-gcc/12.3.1-1.2.1/.content/bin/../lib/gcc/arm-none-eabi/12.3.1/../../../../arm-none-eabi/lib/thumb/v7e-m+fp/hard\libc_nano.a(libc_a-reallocr.o)
                0x08004cb8                _realloc_r
 .text._malloc_usable_size_r
                0x08004d14       0x10 c:/users/enric/appdata/roaming/code/user/globalstorage/bmd.stm32-for-vscode/@xpack-dev-tools/arm-none-eabi-gcc/12.3.1-1.2.1/.content/bin/../lib/gcc/arm-none-eabi/12.3.1/../../../../arm-none-eabi/lib/thumb/v7e-m+fp/hard\libc_nano.a(libc_a-msizer.o)
                0x08004d14                _malloc_usable_size_r
 *fill*         0x08004d24        0x4 
 .text.pow      0x08004d28       0xf0 c:/users/enric/appdata/roaming/code/user/globalstorage/bmd.stm32-for-vscode/@xpack-dev-tools/arm-none-eabi-gcc/12.3.1-1.2.1/.content/bin/../lib/gcc/arm-none-eabi/12.3.1/../../../../arm-none-eabi/lib/thumb/v7e-m+fp/hard\libm.a(libm_a-w_pow.o)
                0x08004d28                pow
 .text.finite   0x08004e18       0x18 c:/users/enric/appdata/roaming/code/user/globalstorage/bmd.stm32-for-vscode/@xpack-dev-tools/arm-none-eabi-gcc/12.3.1-1.2.1/.content/bin/../lib/gcc/arm-none-eabi/12.3.1/../../../../arm-none-eabi/lib/thumb/v7e-m+fp/hard\libm.a(libm_a-s_finite.o)
                0x08004e18                finite
 .text.__ieee754_pow
                0x08004e30      0xbec c:/users/enric/appdata/roaming/code/user/globalstorage/bmd.stm32-for-vscode/@xpack-dev-tools/arm-none-eabi-gcc/12.3.1-1.2.1/.content/bin/../lib/gcc/arm-none-eabi/12.3.1/../../../../arm-none-eabi/lib/thumb/v7e-m+fp/hard\libm.a(libm_a-e_pow.o)
                0x08004e30                __ieee754_pow
 .text.fabs     0x08005a1c       0x10 c:/users/enric/appdata/roaming/code/user/globalstorage/bmd.stm32-for-vscode/@xpack-dev-tools/arm-none-eabi-gcc/12.3.1-1.2.1/.content/bin/../lib/gcc/arm-none-eabi/12.3.1/../../../../arm-none-eabi/lib/thumb/v7e-m+fp/hard\libm.a(libm_a-s_fabs.o)
                0x08005a1c                fabs
 *fill*         0x08005a2c        0x4 
 .text.scalbn   0x08005a30      0x114 c:/users/enric/appdata/roaming/code/user/globalstorage/bmd.stm32-for-vscode/@xpack-dev-tools/arm-none-eabi-gcc/12.3.1-1.2.1/.content/bin/../lib/gcc/arm-none-eabi/12.3.1/../../../../arm-none-eabi/lib/thumb/v7e-m+fp/hard\libm.a(libm_a-s_scalbn.o)
                0x08005a30                scalbn
 .text.with_errno
                0x08005b44       0x24 c:/users/enric/appdata/roaming/code/user/globalstorage/bmd.stm32-for-vscode/@xpack-dev-tools/arm-none-eabi-gcc/12.3.1-1.2.1/.content/bin/../lib/gcc/arm-none-eabi/12.3.1/../../../../arm-none-eabi/lib/thumb/v7e-m+fp/hard\libm.a(libm_a-math_err.o)
 .text.xflow    0x08005b68       0x34 c:/users/enric/appdata/roaming/code/user/globalstorage/bmd.stm32-for-vscode/@xpack-dev-tools/arm-none-eabi-gcc/12.3.1-1.2.1/.content/bin/../lib/gcc/arm-none-eabi/12.3.1/../../../../arm-none-eabi/lib/thumb/v7e-m+fp/hard\libm.a(libm_a-math_err.o)
 *fill*         0x08005b9c        0x4 
 .text.__math_uflow
                0x08005ba0       0x10 c:/users/enric/appdata/roaming/code/user/globalstorage/bmd.stm32-for-vscode/@xpack-dev-tools/arm-none-eabi-gcc/12.3.1-1.2.1/.content/bin/../lib/gcc/arm-none-eabi/12.3.1/../../../../arm-none-eabi/lib/thumb/v7e-m+fp/hard\libm.a(libm_a-math_err.o)
                0x08005ba0                __math_uflow
 .text.__math_oflow
                0x08005bb0       0x10 c:/users/enric/appdata/roaming/code/user/globalstorage/bmd.stm32-for-vscode/@xpack-dev-tools/arm-none-eabi-gcc/12.3.1-1.2.1/.content/bin/../lib/gcc/arm-none-eabi/12.3.1/../../../../arm-none-eabi/lib/thumb/v7e-m+fp/hard\libm.a(libm_a-math_err.o)
                0x08005bb0                __math_oflow
 .text.__ieee754_sqrt
                0x08005bc0      0x1f4 c:/users/enric/appdata/roaming/code/user/globalstorage/bmd.stm32-for-vscode/@xpack-dev-tools/arm-none-eabi-gcc/12.3.1-1.2.1/.content/bin/../lib/gcc/arm-none-eabi/12.3.1/../../../../arm-none-eabi/lib/thumb/v7e-m+fp/hard\libm.a(libm_a-e_sqrt.o)
                0x08005bc0                __ieee754_sqrt
 .text._sbrk    0x08005db4       0x1c c:/users/enric/appdata/roaming/code/user/globalstorage/bmd.stm32-for-vscode/@xpack-dev-tools/arm-none-eabi-gcc/12.3.1-1.2.1/.content/bin/../lib/gcc/arm-none-eabi/12.3.1/../../../../arm-none-eabi/lib/thumb/v7e-m+fp/hard\libnosys.a(sbrk.o)
                0x08005db4                _sbrk
 .text.__udivmoddi4
                0x08005dd0      0x2bc c:/users/enric/appdata/roaming/code/user/globalstorage/bmd.stm32-for-vscode/@xpack-dev-tools/arm-none-eabi-gcc/12.3.1-1.2.1/.content/bin/../lib/gcc/arm-none-eabi/12.3.1/thumb/v7e-m+fp/hard\libgcc.a(_udivmoddi4.o)
                0x08005dd0                __udivmoddi4
 .text.__errno  0x0800608c        0xc c:/users/enric/appdata/roaming/code/user/globalstorage/bmd.stm32-for-vscode/@xpack-dev-tools/arm-none-eabi-gcc/12.3.1-1.2.1/.content/bin/../lib/gcc/arm-none-eabi/12.3.1/../../../../arm-none-eabi/lib/thumb/v7e-m+fp/hard\libc_nano.a(libc_a-errno.o)
                0x0800608c                __errno
 *(.glue_7)
 .glue_7        0x08006098        0x0 linker stubs
 *(.glue_7t)
 .glue_7t       0x08006098        0x0 linker stubs
 *(.eh_frame)
 .eh_frame      0x08006098        0x0 c:/users/enric/appdata/roaming/code/user/globalstorage/bmd.stm32-for-vscode/@xpack-dev-tools/arm-none-eabi-gcc/12.3.1-1.2.1/.content/bin/../lib/gcc/arm-none-eabi/12.3.1/thumb/v7e-m+fp/hard/crtbegin.o
 *(.init)
 .init          0x08006098        0x4 c:/users/enric/appdata/roaming/code/user/globalstorage/bmd.stm32-for-vscode/@xpack-dev-tools/arm-none-eabi-gcc/12.3.1-1.2.1/.content/bin/../lib/gcc/arm-none-eabi/12.3.1/thumb/v7e-m+fp/hard/crti.o
                0x08006098                _init
 .init          0x0800609c        0x8 c:/users/enric/appdata/roaming/code/user/globalstorage/bmd.stm32-for-vscode/@xpack-dev-tools/arm-none-eabi-gcc/12.3.1-1.2.1/.content/bin/../lib/gcc/arm-none-eabi/12.3.1/thumb/v7e-m+fp/hard/crtn.o
 *(.fini)
 .fini          0x080060a4        0x4 c:/users/enric/appdata/roaming/code/user/globalstorage/bmd.stm32-for-vscode/@xpack-dev-tools/arm-none-eabi-gcc/12.3.1-1.2.1/.content/bin/../lib/gcc/arm-none-eabi/12.3.1/thumb/v7e-m+fp/hard/crti.o
                0x080060a4                _fini
 .fini          0x080060a8        0x8 c:/users/enric/appdata/roaming/code/user/globalstorage/bmd.stm32-for-vscode/@xpack-dev-tools/arm-none-eabi-gcc/12.3.1-1.2.1/.content/bin/../lib/gcc/arm-none-eabi/12.3.1/thumb/v7e-m+fp/hard/crtn.o
                0x080060b0                        . = ALIGN (0x4)
                0x080060b0                        _etext = .

.vfp11_veneer   0x080060b0        0x0
 .vfp11_veneer  0x080060b0        0x0 linker stubs

.v4_bx          0x080060b0        0x0
 .v4_bx         0x080060b0        0x0 linker stubs

.iplt           0x080060b0        0x0
 .iplt          0x080060b0        0x0 c:/users/enric/appdata/roaming/code/user/globalstorage/bmd.stm32-for-vscode/@xpack-dev-tools/arm-none-eabi-gcc/12.3.1-1.2.1/.content/bin/../lib/gcc/arm-none-eabi/12.3.1/thumb/v7e-m+fp/hard/crtbegin.o

.rodata         0x080060b0       0x9c
                0x080060b0                        . = ALIGN (0x4)
 *(.rodata)
 *(.rodata*)
 .rodata.get_timestamp.str1.4
                0x080060b0       0x10 build/main.o
 .rodata.elapsed_tim2_callback.str1.4
                0x080060c0       0x17 build/main.o
 *fill*         0x080060d7        0x1 
 .rodata.APBPrescTable
                0x080060d8        0x8 build/system_stm32g4xx.o
                0x080060d8                APBPrescTable
 .rodata.AHBPrescTable
                0x080060e0       0x10 build/system_stm32g4xx.o
                0x080060e0                AHBPrescTable
 .rodata.UARTPrescTable
                0x080060f0       0x18 build/stm32g4xx_hal_uart.o
                0x080060f0                UARTPrescTable
 .rodata.denominator.0
                0x08006108        0x8 build/stm32g4xx_hal_uart_ex.o
 .rodata.numerator.1
                0x08006110        0x8 build/stm32g4xx_hal_uart_ex.o
 .rodata._svfprintf_r.str1.1
                0x08006118       0x11 c:/users/enric/appdata/roaming/code/user/globalstorage/bmd.stm32-for-vscode/@xpack-dev-tools/arm-none-eabi-gcc/12.3.1-1.2.1/.content/bin/../lib/gcc/arm-none-eabi/12.3.1/../../../../arm-none-eabi/lib/thumb/v7e-m+fp/hard\libc_nano.a(libc_a-nano-svfprintf.o)
 .rodata._printf_i.str1.1
                0x08006129       0x22 c:/users/enric/appdata/roaming/code/user/globalstorage/bmd.stm32-for-vscode/@xpack-dev-tools/arm-none-eabi-gcc/12.3.1-1.2.1/.content/bin/../lib/gcc/arm-none-eabi/12.3.1/../../../../arm-none-eabi/lib/thumb/v7e-m+fp/hard\libc_nano.a(libc_a-nano-vfprintf_i.o)
                0x0800614c                        . = ALIGN (0x4)
 *fill*         0x0800614b        0x1 

.ARM.extab
 *(.ARM.extab* .gnu.linkonce.armextab.*)

.ARM            0x0800614c        0x8
                0x0800614c                        __exidx_start = .
 *(.ARM.exidx*)
 .ARM.exidx     0x0800614c        0x8 c:/users/enric/appdata/roaming/code/user/globalstorage/bmd.stm32-for-vscode/@xpack-dev-tools/arm-none-eabi-gcc/12.3.1-1.2.1/.content/bin/../lib/gcc/arm-none-eabi/12.3.1/../../../../arm-none-eabi/lib/thumb/v7e-m+fp/hard\libc_nano.a(libc_a-strlen.o)
 .ARM.exidx     0x08006154        0x0 c:/users/enric/appdata/roaming/code/user/globalstorage/bmd.stm32-for-vscode/@xpack-dev-tools/arm-none-eabi-gcc/12.3.1-1.2.1/.content/bin/../lib/gcc/arm-none-eabi/12.3.1/../../../../arm-none-eabi/lib/thumb/v7e-m+fp/hard\libc_nano.a(libc_a-memchr.o)
                                  0x8 (size before relaxing)
 .ARM.exidx.text.__udivmoddi4
                0x08006154        0x0 c:/users/enric/appdata/roaming/code/user/globalstorage/bmd.stm32-for-vscode/@xpack-dev-tools/arm-none-eabi-gcc/12.3.1-1.2.1/.content/bin/../lib/gcc/arm-none-eabi/12.3.1/thumb/v7e-m+fp/hard\libgcc.a(_udivmoddi4.o)
                                  0x8 (size before relaxing)
                0x08006154                        __exidx_end = .

.rel.dyn        0x08006154        0x0
 .rel.iplt      0x08006154        0x0 c:/users/enric/appdata/roaming/code/user/globalstorage/bmd.stm32-for-vscode/@xpack-dev-tools/arm-none-eabi-gcc/12.3.1-1.2.1/.content/bin/../lib/gcc/arm-none-eabi/12.3.1/thumb/v7e-m+fp/hard/crtbegin.o

.preinit_array  0x08006154        0x0
                0x08006154                        PROVIDE (__preinit_array_start = .)
 *(.preinit_array*)
                0x08006154                        PROVIDE (__preinit_array_end = .)

.init_array     0x08006154        0x4
                0x08006154                        PROVIDE (__init_array_start = .)
 *(SORT_BY_NAME(.init_array.*))
 *(.init_array*)
 .init_array    0x08006154        0x4 c:/users/enric/appdata/roaming/code/user/globalstorage/bmd.stm32-for-vscode/@xpack-dev-tools/arm-none-eabi-gcc/12.3.1-1.2.1/.content/bin/../lib/gcc/arm-none-eabi/12.3.1/thumb/v7e-m+fp/hard/crtbegin.o
                0x08006158                        PROVIDE (__init_array_end = .)

.fini_array     0x08006158        0x4
                0x08006158                        PROVIDE (__fini_array_start = .)
 *(SORT_BY_NAME(.fini_array.*))
 *(.fini_array*)
 .fini_array    0x08006158        0x4 c:/users/enric/appdata/roaming/code/user/globalstorage/bmd.stm32-for-vscode/@xpack-dev-tools/arm-none-eabi-gcc/12.3.1-1.2.1/.content/bin/../lib/gcc/arm-none-eabi/12.3.1/thumb/v7e-m+fp/hard/crtbegin.o
                0x0800615c                        PROVIDE (__fini_array_end = .)
                0x0800615c                        _sidata = LOADADDR (.data)

.data           0x20000000       0x70 load address 0x0800615c
                0x20000000                        . = ALIGN (0x4)
                0x20000000                        _sdata = .
 *(.data)
 *(.data*)
 .data.SystemCoreClock
                0x20000000        0x4 build/system_stm32g4xx.o
                0x20000000                SystemCoreClock
 .data.uwTickFreq
                0x20000004        0x4 build/stm32g4xx_hal.o
                0x20000004                uwTickFreq
 .data.uwTickPrio
                0x20000008        0x4 build/stm32g4xx_hal.o
                0x20000008                uwTickPrio
 .data._impure_ptr
                0x2000000c        0x4 c:/users/enric/appdata/roaming/code/user/globalstorage/bmd.stm32-for-vscode/@xpack-dev-tools/arm-none-eabi-gcc/12.3.1-1.2.1/.content/bin/../lib/gcc/arm-none-eabi/12.3.1/../../../../arm-none-eabi/lib/thumb/v7e-m+fp/hard\libc_nano.a(libc_a-impure.o)
                0x2000000c                _impure_ptr
 .data._impure_data
                0x20000010       0x4c c:/users/enric/appdata/roaming/code/user/globalstorage/bmd.stm32-for-vscode/@xpack-dev-tools/arm-none-eabi-gcc/12.3.1-1.2.1/.content/bin/../lib/gcc/arm-none-eabi/12.3.1/../../../../arm-none-eabi/lib/thumb/v7e-m+fp/hard\libc_nano.a(libc_a-impure.o)
                0x20000010                _impure_data
 *fill*         0x2000005c        0x4 
 .data.tiny     0x20000060        0x8 c:/users/enric/appdata/roaming/code/user/globalstorage/bmd.stm32-for-vscode/@xpack-dev-tools/arm-none-eabi-gcc/12.3.1-1.2.1/.content/bin/../lib/gcc/arm-none-eabi/12.3.1/../../../../arm-none-eabi/lib/thumb/v7e-m+fp/hard\libm.a(libm_a-e_sqrt.o)
 .data.one      0x20000068        0x8 c:/users/enric/appdata/roaming/code/user/globalstorage/bmd.stm32-for-vscode/@xpack-dev-tools/arm-none-eabi-gcc/12.3.1-1.2.1/.content/bin/../lib/gcc/arm-none-eabi/12.3.1/../../../../arm-none-eabi/lib/thumb/v7e-m+fp/hard\libm.a(libm_a-e_sqrt.o)
                0x20000070                        . = ALIGN (0x4)
                0x20000070                        _edata = .

.igot.plt       0x20000070        0x0 load address 0x080061cc
 .igot.plt      0x20000070        0x0 c:/users/enric/appdata/roaming/code/user/globalstorage/bmd.stm32-for-vscode/@xpack-dev-tools/arm-none-eabi-gcc/12.3.1-1.2.1/.content/bin/../lib/gcc/arm-none-eabi/12.3.1/thumb/v7e-m+fp/hard/crtbegin.o
                0x20000070                        . = ALIGN (0x4)

.bss            0x20000070      0x334 load address 0x080061cc
                0x20000070                        _sbss = .
                0x20000070                        __bss_start__ = _sbss
 *(.bss)
 *(.bss*)
 .bss.completed.1
                0x20000070        0x1 c:/users/enric/appdata/roaming/code/user/globalstorage/bmd.stm32-for-vscode/@xpack-dev-tools/arm-none-eabi-gcc/12.3.1-1.2.1/.content/bin/../lib/gcc/arm-none-eabi/12.3.1/thumb/v7e-m+fp/hard/crtbegin.o
 *fill*         0x20000071        0x3 
 .bss.object.0  0x20000074       0x18 c:/users/enric/appdata/roaming/code/user/globalstorage/bmd.stm32-for-vscode/@xpack-dev-tools/arm-none-eabi-gcc/12.3.1-1.2.1/.content/bin/../lib/gcc/arm-none-eabi/12.3.1/thumb/v7e-m+fp/hard/crtbegin.o
 .bss.hadc1     0x2000008c       0x6c build/adc.o
                0x2000008c                hadc1
 .bss.htim2     0x200000f8       0xcc build/tim.o
                0x200000f8                htim2
 .bss.hlpuart1  0x200001c4       0x90 build/usart.o
                0x200001c4                hlpuart1
 .bss.uwTick    0x20000254        0x4 build/stm32g4xx_hal.o
                0x20000254                uwTick
 .bss.__sf      0x20000258      0x138 c:/users/enric/appdata/roaming/code/user/globalstorage/bmd.stm32-for-vscode/@xpack-dev-tools/arm-none-eabi-gcc/12.3.1-1.2.1/.content/bin/../lib/gcc/arm-none-eabi/12.3.1/../../../../arm-none-eabi/lib/thumb/v7e-m+fp/hard\libc_nano.a(libc_a-findfp.o)
                0x20000258                __sf
 .bss.errno     0x20000390        0x4 c:/users/enric/appdata/roaming/code/user/globalstorage/bmd.stm32-for-vscode/@xpack-dev-tools/arm-none-eabi-gcc/12.3.1-1.2.1/.content/bin/../lib/gcc/arm-none-eabi/12.3.1/../../../../arm-none-eabi/lib/thumb/v7e-m+fp/hard\libc_nano.a(libc_a-reent.o)
                0x20000390                errno
 .bss.__lock___malloc_recursive_mutex
                0x20000394        0x1 c:/users/enric/appdata/roaming/code/user/globalstorage/bmd.stm32-for-vscode/@xpack-dev-tools/arm-none-eabi-gcc/12.3.1-1.2.1/.content/bin/../lib/gcc/arm-none-eabi/12.3.1/../../../../arm-none-eabi/lib/thumb/v7e-m+fp/hard\libc_nano.a(libc_a-lock.o)
                0x20000394                __lock___malloc_recursive_mutex
 *fill*         0x20000395        0x3 
 .bss.__malloc_sbrk_start
                0x20000398        0x4 c:/users/enric/appdata/roaming/code/user/globalstorage/bmd.stm32-for-vscode/@xpack-dev-tools/arm-none-eabi-gcc/12.3.1-1.2.1/.content/bin/../lib/gcc/arm-none-eabi/12.3.1/../../../../arm-none-eabi/lib/thumb/v7e-m+fp/hard\libc_nano.a(libc_a-mallocr.o)
                0x20000398                __malloc_sbrk_start
 .bss.__malloc_free_list
                0x2000039c        0x4 c:/users/enric/appdata/roaming/code/user/globalstorage/bmd.stm32-for-vscode/@xpack-dev-tools/arm-none-eabi-gcc/12.3.1-1.2.1/.content/bin/../lib/gcc/arm-none-eabi/12.3.1/../../../../arm-none-eabi/lib/thumb/v7e-m+fp/hard\libc_nano.a(libc_a-mallocr.o)
                0x2000039c                __malloc_free_list
 .bss.heap_end.0
                0x200003a0        0x4 c:/users/enric/appdata/roaming/code/user/globalstorage/bmd.stm32-for-vscode/@xpack-dev-tools/arm-none-eabi-gcc/12.3.1-1.2.1/.content/bin/../lib/gcc/arm-none-eabi/12.3.1/../../../../arm-none-eabi/lib/thumb/v7e-m+fp/hard\libnosys.a(sbrk.o)
 *(COMMON)
                0x200003a4                        . = ALIGN (0x4)
                0x200003a4                        _ebss = .
                0x200003a4                        __bss_end__ = _ebss

._user_heap_stack
                0x200003a4      0x604 load address 0x080061cc
                0x200003a8                        . = ALIGN (0x8)
 *fill*         0x200003a4        0x4 
                0x200003a8                        PROVIDE (end = .)
                [!provide]                        PROVIDE (_end = .)
                0x200005a8                        . = (. + _Min_Heap_Size)
 *fill*         0x200003a8      0x200 
                0x200009a8                        . = (. + _Min_Stack_Size)
 *fill*         0x200005a8      0x400 
                0x200009a8                        . = ALIGN (0x8)

/DISCARD/
 libc.a(*)
 libm.a(*)
 libgcc.a(*)

.ARM.attributes
                0x00000000       0x30
 *(.ARM.attributes)
 .ARM.attributes
                0x00000000       0x22 c:/users/enric/appdata/roaming/code/user/globalstorage/bmd.stm32-for-vscode/@xpack-dev-tools/arm-none-eabi-gcc/12.3.1-1.2.1/.content/bin/../lib/gcc/arm-none-eabi/12.3.1/thumb/v7e-m+fp/hard/crti.o
 .ARM.attributes
                0x00000022       0x34 c:/users/enric/appdata/roaming/code/user/globalstorage/bmd.stm32-for-vscode/@xpack-dev-tools/arm-none-eabi-gcc/12.3.1-1.2.1/.content/bin/../lib/gcc/arm-none-eabi/12.3.1/thumb/v7e-m+fp/hard/crtbegin.o
 .ARM.attributes
                0x00000056       0x34 build/adc.o
 .ARM.attributes
                0x0000008a       0x34 build/gpio.o
 .ARM.attributes
                0x000000be       0x34 build/main.o
 .ARM.attributes
                0x000000f2       0x34 build/stm32g4xx_hal_msp.o
 .ARM.attributes
                0x00000126       0x34 build/stm32g4xx_it.o
 .ARM.attributes
                0x0000015a       0x34 build/system_stm32g4xx.o
 .ARM.attributes
                0x0000018e       0x34 build/tim.o
 .ARM.attributes
                0x000001c2       0x34 build/usart.o
 .ARM.attributes
                0x000001f6       0x34 build/stm32g4xx_hal.o
 .ARM.attributes
                0x0000022a       0x34 build/stm32g4xx_hal_adc.o
 .ARM.attributes
                0x0000025e       0x34 build/stm32g4xx_hal_adc_ex.o
 .ARM.attributes
                0x00000292       0x34 build/stm32g4xx_hal_cortex.o
 .ARM.attributes
                0x000002c6       0x34 build/stm32g4xx_hal_gpio.o
 .ARM.attributes
                0x000002fa       0x34 build/stm32g4xx_hal_pwr_ex.o
 .ARM.attributes
                0x0000032e       0x34 build/stm32g4xx_hal_rcc.o
 .ARM.attributes
                0x00000362       0x34 build/stm32g4xx_hal_rcc_ex.o
 .ARM.attributes
                0x00000396       0x34 build/stm32g4xx_hal_tim.o
 .ARM.attributes
                0x000003ca       0x34 build/stm32g4xx_hal_tim_ex.o
 .ARM.attributes
                0x000003fe       0x34 build/stm32g4xx_hal_uart.o
 .ARM.attributes
                0x00000432       0x34 build/stm32g4xx_hal_uart_ex.o
 .ARM.attributes
                0x00000466       0x21 build/startup_stm32g474xx.o
 .ARM.attributes
                0x00000487       0x34 c:/users/enric/appdata/roaming/code/user/globalstorage/bmd.stm32-for-vscode/@xpack-dev-tools/arm-none-eabi-gcc/12.3.1-1.2.1/.content/bin/../lib/gcc/arm-none-eabi/12.3.1/../../../../arm-none-eabi/lib/thumb/v7e-m+fp/hard\libc_nano.a(libc_a-findfp.o)
 .ARM.attributes
                0x000004bb       0x34 c:/users/enric/appdata/roaming/code/user/globalstorage/bmd.stm32-for-vscode/@xpack-dev-tools/arm-none-eabi-gcc/12.3.1-1.2.1/.content/bin/../lib/gcc/arm-none-eabi/12.3.1/../../../../arm-none-eabi/lib/thumb/v7e-m+fp/hard\libc_nano.a(libc_a-sprintf.o)
 .ARM.attributes
                0x000004ef       0x34 c:/users/enric/appdata/roaming/code/user/globalstorage/bmd.stm32-for-vscode/@xpack-dev-tools/arm-none-eabi-gcc/12.3.1-1.2.1/.content/bin/../lib/gcc/arm-none-eabi/12.3.1/../../../../arm-none-eabi/lib/thumb/v7e-m+fp/hard\libc_nano.a(libc_a-memset.o)
 .ARM.attributes
                0x00000523       0x34 c:/users/enric/appdata/roaming/code/user/globalstorage/bmd.stm32-for-vscode/@xpack-dev-tools/arm-none-eabi-gcc/12.3.1-1.2.1/.content/bin/../lib/gcc/arm-none-eabi/12.3.1/../../../../arm-none-eabi/lib/thumb/v7e-m+fp/hard\libc_nano.a(libc_a-reent.o)
 .ARM.attributes
                0x00000557       0x34 c:/users/enric/appdata/roaming/code/user/globalstorage/bmd.stm32-for-vscode/@xpack-dev-tools/arm-none-eabi-gcc/12.3.1-1.2.1/.content/bin/../lib/gcc/arm-none-eabi/12.3.1/../../../../arm-none-eabi/lib/thumb/v7e-m+fp/hard\libc_nano.a(libc_a-impure.o)
 .ARM.attributes
                0x0000058b       0x34 c:/users/enric/appdata/roaming/code/user/globalstorage/bmd.stm32-for-vscode/@xpack-dev-tools/arm-none-eabi-gcc/12.3.1-1.2.1/.content/bin/../lib/gcc/arm-none-eabi/12.3.1/../../../../arm-none-eabi/lib/thumb/v7e-m+fp/hard\libc_nano.a(libc_a-init.o)
 .ARM.attributes
                0x000005bf       0x34 c:/users/enric/appdata/roaming/code/user/globalstorage/bmd.stm32-for-vscode/@xpack-dev-tools/arm-none-eabi-gcc/12.3.1-1.2.1/.content/bin/../lib/gcc/arm-none-eabi/12.3.1/../../../../arm-none-eabi/lib/thumb/v7e-m+fp/hard\libc_nano.a(libc_a-lock.o)
 .ARM.attributes
                0x000005f3       0x17 c:/users/enric/appdata/roaming/code/user/globalstorage/bmd.stm32-for-vscode/@xpack-dev-tools/arm-none-eabi-gcc/12.3.1-1.2.1/.content/bin/../lib/gcc/arm-none-eabi/12.3.1/../../../../arm-none-eabi/lib/thumb/v7e-m+fp/hard\libc_nano.a(libc_a-strlen.o)
 .ARM.attributes
                0x0000060a       0x34 c:/users/enric/appdata/roaming/code/user/globalstorage/bmd.stm32-for-vscode/@xpack-dev-tools/arm-none-eabi-gcc/12.3.1-1.2.1/.content/bin/../lib/gcc/arm-none-eabi/12.3.1/../../../../arm-none-eabi/lib/thumb/v7e-m+fp/hard\libc_nano.a(libc_a-freer.o)
 .ARM.attributes
                0x0000063e       0x34 c:/users/enric/appdata/roaming/code/user/globalstorage/bmd.stm32-for-vscode/@xpack-dev-tools/arm-none-eabi-gcc/12.3.1-1.2.1/.content/bin/../lib/gcc/arm-none-eabi/12.3.1/../../../../arm-none-eabi/lib/thumb/v7e-m+fp/hard\libc_nano.a(libc_a-mallocr.o)
 .ARM.attributes
                0x00000672       0x34 c:/users/enric/appdata/roaming/code/user/globalstorage/bmd.stm32-for-vscode/@xpack-dev-tools/arm-none-eabi-gcc/12.3.1-1.2.1/.content/bin/../lib/gcc/arm-none-eabi/12.3.1/../../../../arm-none-eabi/lib/thumb/v7e-m+fp/hard\libc_nano.a(libc_a-mlock.o)
 .ARM.attributes
                0x000006a6       0x34 c:/users/enric/appdata/roaming/code/user/globalstorage/bmd.stm32-for-vscode/@xpack-dev-tools/arm-none-eabi-gcc/12.3.1-1.2.1/.content/bin/../lib/gcc/arm-none-eabi/12.3.1/../../../../arm-none-eabi/lib/thumb/v7e-m+fp/hard\libc_nano.a(libc_a-nano-svfprintf.o)
 .ARM.attributes
                0x000006da       0x34 c:/users/enric/appdata/roaming/code/user/globalstorage/bmd.stm32-for-vscode/@xpack-dev-tools/arm-none-eabi-gcc/12.3.1-1.2.1/.content/bin/../lib/gcc/arm-none-eabi/12.3.1/../../../../arm-none-eabi/lib/thumb/v7e-m+fp/hard\libc_nano.a(libc_a-nano-vfprintf_i.o)
 .ARM.attributes
                0x0000070e       0x34 c:/users/enric/appdata/roaming/code/user/globalstorage/bmd.stm32-for-vscode/@xpack-dev-tools/arm-none-eabi-gcc/12.3.1-1.2.1/.content/bin/../lib/gcc/arm-none-eabi/12.3.1/../../../../arm-none-eabi/lib/thumb/v7e-m+fp/hard\libc_nano.a(libc_a-memmove.o)
 .ARM.attributes
                0x00000742       0x34 c:/users/enric/appdata/roaming/code/user/globalstorage/bmd.stm32-for-vscode/@xpack-dev-tools/arm-none-eabi-gcc/12.3.1-1.2.1/.content/bin/../lib/gcc/arm-none-eabi/12.3.1/../../../../arm-none-eabi/lib/thumb/v7e-m+fp/hard\libc_nano.a(libc_a-sbrkr.o)
 .ARM.attributes
                0x00000776       0x1c c:/users/enric/appdata/roaming/code/user/globalstorage/bmd.stm32-for-vscode/@xpack-dev-tools/arm-none-eabi-gcc/12.3.1-1.2.1/.content/bin/../lib/gcc/arm-none-eabi/12.3.1/../../../../arm-none-eabi/lib/thumb/v7e-m+fp/hard\libc_nano.a(libc_a-memchr.o)
 .ARM.attributes
                0x00000792       0x34 c:/users/enric/appdata/roaming/code/user/globalstorage/bmd.stm32-for-vscode/@xpack-dev-tools/arm-none-eabi-gcc/12.3.1-1.2.1/.content/bin/../lib/gcc/arm-none-eabi/12.3.1/../../../../arm-none-eabi/lib/thumb/v7e-m+fp/hard\libc_nano.a(libc_a-memcpy-stub.o)
 .ARM.attributes
                0x000007c6       0x34 c:/users/enric/appdata/roaming/code/user/globalstorage/bmd.stm32-for-vscode/@xpack-dev-tools/arm-none-eabi-gcc/12.3.1-1.2.1/.content/bin/../lib/gcc/arm-none-eabi/12.3.1/../../../../arm-none-eabi/lib/thumb/v7e-m+fp/hard\libc_nano.a(libc_a-reallocr.o)
 .ARM.attributes
                0x000007fa       0x34 c:/users/enric/appdata/roaming/code/user/globalstorage/bmd.stm32-for-vscode/@xpack-dev-tools/arm-none-eabi-gcc/12.3.1-1.2.1/.content/bin/../lib/gcc/arm-none-eabi/12.3.1/../../../../arm-none-eabi/lib/thumb/v7e-m+fp/hard\libc_nano.a(libc_a-msizer.o)
 .ARM.attributes
                0x0000082e       0x34 c:/users/enric/appdata/roaming/code/user/globalstorage/bmd.stm32-for-vscode/@xpack-dev-tools/arm-none-eabi-gcc/12.3.1-1.2.1/.content/bin/../lib/gcc/arm-none-eabi/12.3.1/../../../../arm-none-eabi/lib/thumb/v7e-m+fp/hard\libm.a(libm_a-w_pow.o)
 .ARM.attributes
                0x00000862       0x34 c:/users/enric/appdata/roaming/code/user/globalstorage/bmd.stm32-for-vscode/@xpack-dev-tools/arm-none-eabi-gcc/12.3.1-1.2.1/.content/bin/../lib/gcc/arm-none-eabi/12.3.1/../../../../arm-none-eabi/lib/thumb/v7e-m+fp/hard\libm.a(libm_a-s_finite.o)
 .ARM.attributes
                0x00000896       0x34 c:/users/enric/appdata/roaming/code/user/globalstorage/bmd.stm32-for-vscode/@xpack-dev-tools/arm-none-eabi-gcc/12.3.1-1.2.1/.content/bin/../lib/gcc/arm-none-eabi/12.3.1/../../../../arm-none-eabi/lib/thumb/v7e-m+fp/hard\libm.a(libm_a-e_pow.o)
 .ARM.attributes
                0x000008ca       0x34 c:/users/enric/appdata/roaming/code/user/globalstorage/bmd.stm32-for-vscode/@xpack-dev-tools/arm-none-eabi-gcc/12.3.1-1.2.1/.content/bin/../lib/gcc/arm-none-eabi/12.3.1/../../../../arm-none-eabi/lib/thumb/v7e-m+fp/hard\libm.a(libm_a-s_fabs.o)
 .ARM.attributes
                0x000008fe       0x34 c:/users/enric/appdata/roaming/code/user/globalstorage/bmd.stm32-for-vscode/@xpack-dev-tools/arm-none-eabi-gcc/12.3.1-1.2.1/.content/bin/../lib/gcc/arm-none-eabi/12.3.1/../../../../arm-none-eabi/lib/thumb/v7e-m+fp/hard\libm.a(libm_a-s_scalbn.o)
 .ARM.attributes
                0x00000932       0x34 c:/users/enric/appdata/roaming/code/user/globalstorage/bmd.stm32-for-vscode/@xpack-dev-tools/arm-none-eabi-gcc/12.3.1-1.2.1/.content/bin/../lib/gcc/arm-none-eabi/12.3.1/../../../../arm-none-eabi/lib/thumb/v7e-m+fp/hard\libm.a(libm_a-math_err.o)
 .ARM.attributes
                0x00000966       0x34 c:/users/enric/appdata/roaming/code/user/globalstorage/bmd.stm32-for-vscode/@xpack-dev-tools/arm-none-eabi-gcc/12.3.1-1.2.1/.content/bin/../lib/gcc/arm-none-eabi/12.3.1/../../../../arm-none-eabi/lib/thumb/v7e-m+fp/hard\libm.a(libm_a-e_sqrt.o)
 .ARM.attributes
                0x0000099a       0x34 c:/users/enric/appdata/roaming/code/user/globalstorage/bmd.stm32-for-vscode/@xpack-dev-tools/arm-none-eabi-gcc/12.3.1-1.2.1/.content/bin/../lib/gcc/arm-none-eabi/12.3.1/../../../../arm-none-eabi/lib/thumb/v7e-m+fp/hard\libnosys.a(sbrk.o)
 .ARM.attributes
                0x000009ce       0x22 c:/users/enric/appdata/roaming/code/user/globalstorage/bmd.stm32-for-vscode/@xpack-dev-tools/arm-none-eabi-gcc/12.3.1-1.2.1/.content/bin/../lib/gcc/arm-none-eabi/12.3.1/thumb/v7e-m+fp/hard\libgcc.a(_arm_addsubdf3.o)
 .ARM.attributes
                0x000009f0       0x22 c:/users/enric/appdata/roaming/code/user/globalstorage/bmd.stm32-for-vscode/@xpack-dev-tools/arm-none-eabi-gcc/12.3.1-1.2.1/.content/bin/../lib/gcc/arm-none-eabi/12.3.1/thumb/v7e-m+fp/hard\libgcc.a(_arm_muldivdf3.o)
 .ARM.attributes
                0x00000a12       0x22 c:/users/enric/appdata/roaming/code/user/globalstorage/bmd.stm32-for-vscode/@xpack-dev-tools/arm-none-eabi-gcc/12.3.1-1.2.1/.content/bin/../lib/gcc/arm-none-eabi/12.3.1/thumb/v7e-m+fp/hard\libgcc.a(_arm_cmpdf2.o)
 .ARM.attributes
                0x00000a34       0x22 c:/users/enric/appdata/roaming/code/user/globalstorage/bmd.stm32-for-vscode/@xpack-dev-tools/arm-none-eabi-gcc/12.3.1-1.2.1/.content/bin/../lib/gcc/arm-none-eabi/12.3.1/thumb/v7e-m+fp/hard\libgcc.a(_arm_unorddf2.o)
 .ARM.attributes
                0x00000a56       0x22 c:/users/enric/appdata/roaming/code/user/globalstorage/bmd.stm32-for-vscode/@xpack-dev-tools/arm-none-eabi-gcc/12.3.1-1.2.1/.content/bin/../lib/gcc/arm-none-eabi/12.3.1/thumb/v7e-m+fp/hard\libgcc.a(_arm_fixdfsi.o)
 .ARM.attributes
                0x00000a78       0x22 c:/users/enric/appdata/roaming/code/user/globalstorage/bmd.stm32-for-vscode/@xpack-dev-tools/arm-none-eabi-gcc/12.3.1-1.2.1/.content/bin/../lib/gcc/arm-none-eabi/12.3.1/thumb/v7e-m+fp/hard\libgcc.a(_arm_truncdfsf2.o)
 .ARM.attributes
                0x00000a9a       0x22 c:/users/enric/appdata/roaming/code/user/globalstorage/bmd.stm32-for-vscode/@xpack-dev-tools/arm-none-eabi-gcc/12.3.1-1.2.1/.content/bin/../lib/gcc/arm-none-eabi/12.3.1/thumb/v7e-m+fp/hard\libgcc.a(_aeabi_uldivmod.o)
 .ARM.attributes
                0x00000abc       0x34 c:/users/enric/appdata/roaming/code/user/globalstorage/bmd.stm32-for-vscode/@xpack-dev-tools/arm-none-eabi-gcc/12.3.1-1.2.1/.content/bin/../lib/gcc/arm-none-eabi/12.3.1/thumb/v7e-m+fp/hard\libgcc.a(_udivmoddi4.o)
 .ARM.attributes
                0x00000af0       0x22 c:/users/enric/appdata/roaming/code/user/globalstorage/bmd.stm32-for-vscode/@xpack-dev-tools/arm-none-eabi-gcc/12.3.1-1.2.1/.content/bin/../lib/gcc/arm-none-eabi/12.3.1/thumb/v7e-m+fp/hard\libgcc.a(_dvmd_tls.o)
 .ARM.attributes
                0x00000b12       0x34 c:/users/enric/appdata/roaming/code/user/globalstorage/bmd.stm32-for-vscode/@xpack-dev-tools/arm-none-eabi-gcc/12.3.1-1.2.1/.content/bin/../lib/gcc/arm-none-eabi/12.3.1/../../../../arm-none-eabi/lib/thumb/v7e-m+fp/hard\libc_nano.a(libc_a-errno.o)
 .ARM.attributes
                0x00000b46       0x22 c:/users/enric/appdata/roaming/code/user/globalstorage/bmd.stm32-for-vscode/@xpack-dev-tools/arm-none-eabi-gcc/12.3.1-1.2.1/.content/bin/../lib/gcc/arm-none-eabi/12.3.1/thumb/v7e-m+fp/hard/crtn.o
OUTPUT(build/Solution.elf elf32-littlearm)
LOAD linker stubs
LOAD c:/users/enric/appdata/roaming/code/user/globalstorage/bmd.stm32-for-vscode/@xpack-dev-tools/arm-none-eabi-gcc/12.3.1-1.2.1/.content/bin/../lib/gcc/arm-none-eabi/12.3.1/../../../../arm-none-eabi/lib/thumb/v7e-m+fp/hard\libc.a
LOAD c:/users/enric/appdata/roaming/code/user/globalstorage/bmd.stm32-for-vscode/@xpack-dev-tools/arm-none-eabi-gcc/12.3.1-1.2.1/.content/bin/../lib/gcc/arm-none-eabi/12.3.1/../../../../arm-none-eabi/lib/thumb/v7e-m+fp/hard\libm.a
LOAD c:/users/enric/appdata/roaming/code/user/globalstorage/bmd.stm32-for-vscode/@xpack-dev-tools/arm-none-eabi-gcc/12.3.1-1.2.1/.content/bin/../lib/gcc/arm-none-eabi/12.3.1/thumb/v7e-m+fp/hard\libgcc.a

.comment        0x00000000       0x39
 .comment       0x00000000       0x39 c:/users/enric/appdata/roaming/code/user/globalstorage/bmd.stm32-for-vscode/@xpack-dev-tools/arm-none-eabi-gcc/12.3.1-1.2.1/.content/bin/../lib/gcc/arm-none-eabi/12.3.1/thumb/v7e-m+fp/hard/crtbegin.o
                                 0x3a (size before relaxing)
 .comment       0x00000039       0x3a build/adc.o
 .comment       0x00000039       0x3a build/gpio.o
 .comment       0x00000039       0x3a build/main.o
 .comment       0x00000039       0x3a build/stm32g4xx_hal_msp.o
 .comment       0x00000039       0x3a build/stm32g4xx_it.o
 .comment       0x00000039       0x3a build/system_stm32g4xx.o
 .comment       0x00000039       0x3a build/tim.o
 .comment       0x00000039       0x3a build/usart.o
 .comment       0x00000039       0x3a build/stm32g4xx_hal.o
 .comment       0x00000039       0x3a build/stm32g4xx_hal_adc.o
 .comment       0x00000039       0x3a build/stm32g4xx_hal_adc_ex.o
 .comment       0x00000039       0x3a build/stm32g4xx_hal_cortex.o
 .comment       0x00000039       0x3a build/stm32g4xx_hal_gpio.o
 .comment       0x00000039       0x3a build/stm32g4xx_hal_pwr_ex.o
 .comment       0x00000039       0x3a build/stm32g4xx_hal_rcc.o
 .comment       0x00000039       0x3a build/stm32g4xx_hal_rcc_ex.o
 .comment       0x00000039       0x3a build/stm32g4xx_hal_tim.o
 .comment       0x00000039       0x3a build/stm32g4xx_hal_tim_ex.o
 .comment       0x00000039       0x3a build/stm32g4xx_hal_uart.o
 .comment       0x00000039       0x3a build/stm32g4xx_hal_uart_ex.o
 .comment       0x00000039       0x3a c:/users/enric/appdata/roaming/code/user/globalstorage/bmd.stm32-for-vscode/@xpack-dev-tools/arm-none-eabi-gcc/12.3.1-1.2.1/.content/bin/../lib/gcc/arm-none-eabi/12.3.1/../../../../arm-none-eabi/lib/thumb/v7e-m+fp/hard\libc_nano.a(libc_a-findfp.o)
 .comment       0x00000039       0x3a c:/users/enric/appdata/roaming/code/user/globalstorage/bmd.stm32-for-vscode/@xpack-dev-tools/arm-none-eabi-gcc/12.3.1-1.2.1/.content/bin/../lib/gcc/arm-none-eabi/12.3.1/../../../../arm-none-eabi/lib/thumb/v7e-m+fp/hard\libc_nano.a(libc_a-sprintf.o)
 .comment       0x00000039       0x3a c:/users/enric/appdata/roaming/code/user/globalstorage/bmd.stm32-for-vscode/@xpack-dev-tools/arm-none-eabi-gcc/12.3.1-1.2.1/.content/bin/../lib/gcc/arm-none-eabi/12.3.1/../../../../arm-none-eabi/lib/thumb/v7e-m+fp/hard\libc_nano.a(libc_a-memset.o)
 .comment       0x00000039       0x3a c:/users/enric/appdata/roaming/code/user/globalstorage/bmd.stm32-for-vscode/@xpack-dev-tools/arm-none-eabi-gcc/12.3.1-1.2.1/.content/bin/../lib/gcc/arm-none-eabi/12.3.1/../../../../arm-none-eabi/lib/thumb/v7e-m+fp/hard\libc_nano.a(libc_a-reent.o)
 .comment       0x00000039       0x3a c:/users/enric/appdata/roaming/code/user/globalstorage/bmd.stm32-for-vscode/@xpack-dev-tools/arm-none-eabi-gcc/12.3.1-1.2.1/.content/bin/../lib/gcc/arm-none-eabi/12.3.1/../../../../arm-none-eabi/lib/thumb/v7e-m+fp/hard\libc_nano.a(libc_a-impure.o)
 .comment       0x00000039       0x3a c:/users/enric/appdata/roaming/code/user/globalstorage/bmd.stm32-for-vscode/@xpack-dev-tools/arm-none-eabi-gcc/12.3.1-1.2.1/.content/bin/../lib/gcc/arm-none-eabi/12.3.1/../../../../arm-none-eabi/lib/thumb/v7e-m+fp/hard\libc_nano.a(libc_a-init.o)
 .comment       0x00000039       0x3a c:/users/enric/appdata/roaming/code/user/globalstorage/bmd.stm32-for-vscode/@xpack-dev-tools/arm-none-eabi-gcc/12.3.1-1.2.1/.content/bin/../lib/gcc/arm-none-eabi/12.3.1/../../../../arm-none-eabi/lib/thumb/v7e-m+fp/hard\libc_nano.a(libc_a-lock.o)
 .comment       0x00000039       0x3a c:/users/enric/appdata/roaming/code/user/globalstorage/bmd.stm32-for-vscode/@xpack-dev-tools/arm-none-eabi-gcc/12.3.1-1.2.1/.content/bin/../lib/gcc/arm-none-eabi/12.3.1/../../../../arm-none-eabi/lib/thumb/v7e-m+fp/hard\libc_nano.a(libc_a-freer.o)
 .comment       0x00000039       0x3a c:/users/enric/appdata/roaming/code/user/globalstorage/bmd.stm32-for-vscode/@xpack-dev-tools/arm-none-eabi-gcc/12.3.1-1.2.1/.content/bin/../lib/gcc/arm-none-eabi/12.3.1/../../../../arm-none-eabi/lib/thumb/v7e-m+fp/hard\libc_nano.a(libc_a-mallocr.o)
 .comment       0x00000039       0x3a c:/users/enric/appdata/roaming/code/user/globalstorage/bmd.stm32-for-vscode/@xpack-dev-tools/arm-none-eabi-gcc/12.3.1-1.2.1/.content/bin/../lib/gcc/arm-none-eabi/12.3.1/../../../../arm-none-eabi/lib/thumb/v7e-m+fp/hard\libc_nano.a(libc_a-mlock.o)
 .comment       0x00000039       0x3a c:/users/enric/appdata/roaming/code/user/globalstorage/bmd.stm32-for-vscode/@xpack-dev-tools/arm-none-eabi-gcc/12.3.1-1.2.1/.content/bin/../lib/gcc/arm-none-eabi/12.3.1/../../../../arm-none-eabi/lib/thumb/v7e-m+fp/hard\libc_nano.a(libc_a-nano-svfprintf.o)
 .comment       0x00000039       0x3a c:/users/enric/appdata/roaming/code/user/globalstorage/bmd.stm32-for-vscode/@xpack-dev-tools/arm-none-eabi-gcc/12.3.1-1.2.1/.content/bin/../lib/gcc/arm-none-eabi/12.3.1/../../../../arm-none-eabi/lib/thumb/v7e-m+fp/hard\libc_nano.a(libc_a-nano-vfprintf_i.o)
 .comment       0x00000039       0x3a c:/users/enric/appdata/roaming/code/user/globalstorage/bmd.stm32-for-vscode/@xpack-dev-tools/arm-none-eabi-gcc/12.3.1-1.2.1/.content/bin/../lib/gcc/arm-none-eabi/12.3.1/../../../../arm-none-eabi/lib/thumb/v7e-m+fp/hard\libc_nano.a(libc_a-memmove.o)
 .comment       0x00000039       0x3a c:/users/enric/appdata/roaming/code/user/globalstorage/bmd.stm32-for-vscode/@xpack-dev-tools/arm-none-eabi-gcc/12.3.1-1.2.1/.content/bin/../lib/gcc/arm-none-eabi/12.3.1/../../../../arm-none-eabi/lib/thumb/v7e-m+fp/hard\libc_nano.a(libc_a-sbrkr.o)
 .comment       0x00000039       0x3a c:/users/enric/appdata/roaming/code/user/globalstorage/bmd.stm32-for-vscode/@xpack-dev-tools/arm-none-eabi-gcc/12.3.1-1.2.1/.content/bin/../lib/gcc/arm-none-eabi/12.3.1/../../../../arm-none-eabi/lib/thumb/v7e-m+fp/hard\libc_nano.a(libc_a-memcpy-stub.o)
 .comment       0x00000039       0x3a c:/users/enric/appdata/roaming/code/user/globalstorage/bmd.stm32-for-vscode/@xpack-dev-tools/arm-none-eabi-gcc/12.3.1-1.2.1/.content/bin/../lib/gcc/arm-none-eabi/12.3.1/../../../../arm-none-eabi/lib/thumb/v7e-m+fp/hard\libc_nano.a(libc_a-reallocr.o)
 .comment       0x00000039       0x3a c:/users/enric/appdata/roaming/code/user/globalstorage/bmd.stm32-for-vscode/@xpack-dev-tools/arm-none-eabi-gcc/12.3.1-1.2.1/.content/bin/../lib/gcc/arm-none-eabi/12.3.1/../../../../arm-none-eabi/lib/thumb/v7e-m+fp/hard\libc_nano.a(libc_a-msizer.o)
 .comment       0x00000039       0x3a c:/users/enric/appdata/roaming/code/user/globalstorage/bmd.stm32-for-vscode/@xpack-dev-tools/arm-none-eabi-gcc/12.3.1-1.2.1/.content/bin/../lib/gcc/arm-none-eabi/12.3.1/../../../../arm-none-eabi/lib/thumb/v7e-m+fp/hard\libm.a(libm_a-w_pow.o)
 .comment       0x00000039       0x3a c:/users/enric/appdata/roaming/code/user/globalstorage/bmd.stm32-for-vscode/@xpack-dev-tools/arm-none-eabi-gcc/12.3.1-1.2.1/.content/bin/../lib/gcc/arm-none-eabi/12.3.1/../../../../arm-none-eabi/lib/thumb/v7e-m+fp/hard\libm.a(libm_a-s_finite.o)
 .comment       0x00000039       0x3a c:/users/enric/appdata/roaming/code/user/globalstorage/bmd.stm32-for-vscode/@xpack-dev-tools/arm-none-eabi-gcc/12.3.1-1.2.1/.content/bin/../lib/gcc/arm-none-eabi/12.3.1/../../../../arm-none-eabi/lib/thumb/v7e-m+fp/hard\libm.a(libm_a-e_pow.o)
 .comment       0x00000039       0x3a c:/users/enric/appdata/roaming/code/user/globalstorage/bmd.stm32-for-vscode/@xpack-dev-tools/arm-none-eabi-gcc/12.3.1-1.2.1/.content/bin/../lib/gcc/arm-none-eabi/12.3.1/../../../../arm-none-eabi/lib/thumb/v7e-m+fp/hard\libm.a(libm_a-s_fabs.o)
 .comment       0x00000039       0x3a c:/users/enric/appdata/roaming/code/user/globalstorage/bmd.stm32-for-vscode/@xpack-dev-tools/arm-none-eabi-gcc/12.3.1-1.2.1/.content/bin/../lib/gcc/arm-none-eabi/12.3.1/../../../../arm-none-eabi/lib/thumb/v7e-m+fp/hard\libm.a(libm_a-s_scalbn.o)
 .comment       0x00000039       0x3a c:/users/enric/appdata/roaming/code/user/globalstorage/bmd.stm32-for-vscode/@xpack-dev-tools/arm-none-eabi-gcc/12.3.1-1.2.1/.content/bin/../lib/gcc/arm-none-eabi/12.3.1/../../../../arm-none-eabi/lib/thumb/v7e-m+fp/hard\libm.a(libm_a-math_err.o)
 .comment       0x00000039       0x3a c:/users/enric/appdata/roaming/code/user/globalstorage/bmd.stm32-for-vscode/@xpack-dev-tools/arm-none-eabi-gcc/12.3.1-1.2.1/.content/bin/../lib/gcc/arm-none-eabi/12.3.1/../../../../arm-none-eabi/lib/thumb/v7e-m+fp/hard\libm.a(libm_a-e_sqrt.o)
 .comment       0x00000039       0x3a c:/users/enric/appdata/roaming/code/user/globalstorage/bmd.stm32-for-vscode/@xpack-dev-tools/arm-none-eabi-gcc/12.3.1-1.2.1/.content/bin/../lib/gcc/arm-none-eabi/12.3.1/../../../../arm-none-eabi/lib/thumb/v7e-m+fp/hard\libnosys.a(sbrk.o)
 .comment       0x00000039       0x3a c:/users/enric/appdata/roaming/code/user/globalstorage/bmd.stm32-for-vscode/@xpack-dev-tools/arm-none-eabi-gcc/12.3.1-1.2.1/.content/bin/../lib/gcc/arm-none-eabi/12.3.1/thumb/v7e-m+fp/hard\libgcc.a(_udivmoddi4.o)
 .comment       0x00000039       0x3a c:/users/enric/appdata/roaming/code/user/globalstorage/bmd.stm32-for-vscode/@xpack-dev-tools/arm-none-eabi-gcc/12.3.1-1.2.1/.content/bin/../lib/gcc/arm-none-eabi/12.3.1/../../../../arm-none-eabi/lib/thumb/v7e-m+fp/hard\libc_nano.a(libc_a-errno.o)

.debug_info     0x00000000    0x1f8d7
 .debug_info    0x00000000     0x1044 build/adc.o
 .debug_info    0x00001044      0x7e7 build/gpio.o
 .debug_info    0x0000182b     0x1a93 build/main.o
 .debug_info    0x000032be      0x2e3 build/stm32g4xx_hal_msp.o
 .debug_info    0x000035a1      0xab5 build/stm32g4xx_it.o
 .debug_info    0x00004056      0x5a3 build/system_stm32g4xx.o
 .debug_info    0x000045f9     0x1122 build/tim.o
 .debug_info    0x0000571b      0xe90 build/usart.o
 .debug_info    0x000065ab      0xc0c build/stm32g4xx_hal.o
 .debug_info    0x000071b7     0x360b build/stm32g4xx_hal_adc.o
 .debug_info    0x0000a7c2     0x2f39 build/stm32g4xx_hal_adc_ex.o
 .debug_info    0x0000d6fb      0xfde build/stm32g4xx_hal_cortex.o
 .debug_info    0x0000e6d9      0x795 build/stm32g4xx_hal_gpio.o
 .debug_info    0x0000ee6e      0x9bd build/stm32g4xx_hal_pwr_ex.o
 .debug_info    0x0000f82b      0xe39 build/stm32g4xx_hal_rcc.o
 .debug_info    0x00010664      0xe5a build/stm32g4xx_hal_rcc_ex.o
 .debug_info    0x000114be     0x41fb build/stm32g4xx_hal_tim.o
 .debug_info    0x000156b9     0x263c build/stm32g4xx_hal_tim_ex.o
 .debug_info    0x00017cf5     0x5fa7 build/stm32g4xx_hal_uart.o
 .debug_info    0x0001dc9c     0x11ee build/stm32g4xx_hal_uart_ex.o
 .debug_info    0x0001ee8a       0x30 build/startup_stm32g474xx.o
 .debug_info    0x0001eeba       0xd3 c:/users/enric/appdata/roaming/code/user/globalstorage/bmd.stm32-for-vscode/@xpack-dev-tools/arm-none-eabi-gcc/12.3.1-1.2.1/.content/bin/../lib/gcc/arm-none-eabi/12.3.1/thumb/v7e-m+fp/hard\libgcc.a(_arm_addsubdf3.o)
 .debug_info    0x0001ef8d       0x57 c:/users/enric/appdata/roaming/code/user/globalstorage/bmd.stm32-for-vscode/@xpack-dev-tools/arm-none-eabi-gcc/12.3.1-1.2.1/.content/bin/../lib/gcc/arm-none-eabi/12.3.1/thumb/v7e-m+fp/hard\libgcc.a(_arm_muldivdf3.o)
 .debug_info    0x0001efe4       0xdf c:/users/enric/appdata/roaming/code/user/globalstorage/bmd.stm32-for-vscode/@xpack-dev-tools/arm-none-eabi-gcc/12.3.1-1.2.1/.content/bin/../lib/gcc/arm-none-eabi/12.3.1/thumb/v7e-m+fp/hard\libgcc.a(_arm_cmpdf2.o)
 .debug_info    0x0001f0c3       0x3c c:/users/enric/appdata/roaming/code/user/globalstorage/bmd.stm32-for-vscode/@xpack-dev-tools/arm-none-eabi-gcc/12.3.1-1.2.1/.content/bin/../lib/gcc/arm-none-eabi/12.3.1/thumb/v7e-m+fp/hard\libgcc.a(_arm_unorddf2.o)
 .debug_info    0x0001f0ff       0x3c c:/users/enric/appdata/roaming/code/user/globalstorage/bmd.stm32-for-vscode/@xpack-dev-tools/arm-none-eabi-gcc/12.3.1-1.2.1/.content/bin/../lib/gcc/arm-none-eabi/12.3.1/thumb/v7e-m+fp/hard\libgcc.a(_arm_fixdfsi.o)
 .debug_info    0x0001f13b       0x3f c:/users/enric/appdata/roaming/code/user/globalstorage/bmd.stm32-for-vscode/@xpack-dev-tools/arm-none-eabi-gcc/12.3.1-1.2.1/.content/bin/../lib/gcc/arm-none-eabi/12.3.1/thumb/v7e-m+fp/hard\libgcc.a(_arm_truncdfsf2.o)
 .debug_info    0x0001f17a       0x24 c:/users/enric/appdata/roaming/code/user/globalstorage/bmd.stm32-for-vscode/@xpack-dev-tools/arm-none-eabi-gcc/12.3.1-1.2.1/.content/bin/../lib/gcc/arm-none-eabi/12.3.1/thumb/v7e-m+fp/hard\libgcc.a(_aeabi_uldivmod.o)
 .debug_info    0x0001f19e      0x6fd c:/users/enric/appdata/roaming/code/user/globalstorage/bmd.stm32-for-vscode/@xpack-dev-tools/arm-none-eabi-gcc/12.3.1-1.2.1/.content/bin/../lib/gcc/arm-none-eabi/12.3.1/thumb/v7e-m+fp/hard\libgcc.a(_udivmoddi4.o)
 .debug_info    0x0001f89b       0x3c c:/users/enric/appdata/roaming/code/user/globalstorage/bmd.stm32-for-vscode/@xpack-dev-tools/arm-none-eabi-gcc/12.3.1-1.2.1/.content/bin/../lib/gcc/arm-none-eabi/12.3.1/thumb/v7e-m+fp/hard\libgcc.a(_dvmd_tls.o)

.debug_abbrev   0x00000000     0x33f6
 .debug_abbrev  0x00000000      0x200 build/adc.o
 .debug_abbrev  0x00000200      0x16d build/gpio.o
 .debug_abbrev  0x0000036d      0x34a build/main.o
 .debug_abbrev  0x000006b7       0xd7 build/stm32g4xx_hal_msp.o
 .debug_abbrev  0x0000078e      0x1ef build/stm32g4xx_it.o
 .debug_abbrev  0x0000097d      0x11e build/system_stm32g4xx.o
 .debug_abbrev  0x00000a9b      0x25a build/tim.o
 .debug_abbrev  0x00000cf5      0x223 build/usart.o
 .debug_abbrev  0x00000f18      0x27d build/stm32g4xx_hal.o
 .debug_abbrev  0x00001195      0x30d build/stm32g4xx_hal_adc.o
 .debug_abbrev  0x000014a2      0x382 build/stm32g4xx_hal_adc_ex.o
 .debug_abbrev  0x00001824      0x390 build/stm32g4xx_hal_cortex.o
 .debug_abbrev  0x00001bb4      0x1f9 build/stm32g4xx_hal_gpio.o
 .debug_abbrev  0x00001dad      0x249 build/stm32g4xx_hal_pwr_ex.o
 .debug_abbrev  0x00001ff6      0x2ab build/stm32g4xx_hal_rcc.o
 .debug_abbrev  0x000022a1      0x27f build/stm32g4xx_hal_rcc_ex.o
 .debug_abbrev  0x00002520      0x2d5 build/stm32g4xx_hal_tim.o
 .debug_abbrev  0x000027f5      0x2e0 build/stm32g4xx_hal_tim_ex.o
 .debug_abbrev  0x00002ad5      0x32e build/stm32g4xx_hal_uart.o
 .debug_abbrev  0x00002e03      0x33b build/stm32g4xx_hal_uart_ex.o
 .debug_abbrev  0x0000313e       0x24 build/startup_stm32g474xx.o
 .debug_abbrev  0x00003162       0x28 c:/users/enric/appdata/roaming/code/user/globalstorage/bmd.stm32-for-vscode/@xpack-dev-tools/arm-none-eabi-gcc/12.3.1-1.2.1/.content/bin/../lib/gcc/arm-none-eabi/12.3.1/thumb/v7e-m+fp/hard\libgcc.a(_arm_addsubdf3.o)
 .debug_abbrev  0x0000318a       0x28 c:/users/enric/appdata/roaming/code/user/globalstorage/bmd.stm32-for-vscode/@xpack-dev-tools/arm-none-eabi-gcc/12.3.1-1.2.1/.content/bin/../lib/gcc/arm-none-eabi/12.3.1/thumb/v7e-m+fp/hard\libgcc.a(_arm_muldivdf3.o)
 .debug_abbrev  0x000031b2       0x28 c:/users/enric/appdata/roaming/code/user/globalstorage/bmd.stm32-for-vscode/@xpack-dev-tools/arm-none-eabi-gcc/12.3.1-1.2.1/.content/bin/../lib/gcc/arm-none-eabi/12.3.1/thumb/v7e-m+fp/hard\libgcc.a(_arm_cmpdf2.o)
 .debug_abbrev  0x000031da       0x28 c:/users/enric/appdata/roaming/code/user/globalstorage/bmd.stm32-for-vscode/@xpack-dev-tools/arm-none-eabi-gcc/12.3.1-1.2.1/.content/bin/../lib/gcc/arm-none-eabi/12.3.1/thumb/v7e-m+fp/hard\libgcc.a(_arm_unorddf2.o)
 .debug_abbrev  0x00003202       0x28 c:/users/enric/appdata/roaming/code/user/globalstorage/bmd.stm32-for-vscode/@xpack-dev-tools/arm-none-eabi-gcc/12.3.1-1.2.1/.content/bin/../lib/gcc/arm-none-eabi/12.3.1/thumb/v7e-m+fp/hard\libgcc.a(_arm_fixdfsi.o)
 .debug_abbrev  0x0000322a       0x28 c:/users/enric/appdata/roaming/code/user/globalstorage/bmd.stm32-for-vscode/@xpack-dev-tools/arm-none-eabi-gcc/12.3.1-1.2.1/.content/bin/../lib/gcc/arm-none-eabi/12.3.1/thumb/v7e-m+fp/hard\libgcc.a(_arm_truncdfsf2.o)
 .debug_abbrev  0x00003252       0x14 c:/users/enric/appdata/roaming/code/user/globalstorage/bmd.stm32-for-vscode/@xpack-dev-tools/arm-none-eabi-gcc/12.3.1-1.2.1/.content/bin/../lib/gcc/arm-none-eabi/12.3.1/thumb/v7e-m+fp/hard\libgcc.a(_aeabi_uldivmod.o)
 .debug_abbrev  0x00003266      0x16a c:/users/enric/appdata/roaming/code/user/globalstorage/bmd.stm32-for-vscode/@xpack-dev-tools/arm-none-eabi-gcc/12.3.1-1.2.1/.content/bin/../lib/gcc/arm-none-eabi/12.3.1/thumb/v7e-m+fp/hard\libgcc.a(_udivmoddi4.o)
 .debug_abbrev  0x000033d0       0x26 c:/users/enric/appdata/roaming/code/user/globalstorage/bmd.stm32-for-vscode/@xpack-dev-tools/arm-none-eabi-gcc/12.3.1-1.2.1/.content/bin/../lib/gcc/arm-none-eabi/12.3.1/thumb/v7e-m+fp/hard\libgcc.a(_dvmd_tls.o)

.debug_loclists
                0x00000000     0xeeee
 .debug_loclists
                0x00000000       0x49 build/adc.o
 .debug_loclists
                0x00000049       0xbb build/main.o
 .debug_loclists
                0x00000104       0x65 build/system_stm32g4xx.o
 .debug_loclists
                0x00000169       0x4b build/tim.o
 .debug_loclists
                0x000001b4       0x49 build/usart.o
 .debug_loclists
                0x000001fd      0x12f build/stm32g4xx_hal.o
 .debug_loclists
                0x0000032c     0x1877 build/stm32g4xx_hal_adc.o
 .debug_loclists
                0x00001ba3     0x16dd build/stm32g4xx_hal_adc_ex.o
 .debug_loclists
                0x00003280      0x431 build/stm32g4xx_hal_cortex.o
 .debug_loclists
                0x000036b1      0x267 build/stm32g4xx_hal_gpio.o
 .debug_loclists
                0x00003918      0x59a build/stm32g4xx_hal_pwr_ex.o
 .debug_loclists
                0x00003eb2      0x568 build/stm32g4xx_hal_rcc.o
 .debug_loclists
                0x0000441a      0xf45 build/stm32g4xx_hal_rcc_ex.o
 .debug_loclists
                0x0000535f     0x3984 build/stm32g4xx_hal_tim.o
 .debug_loclists
                0x00008ce3     0x1bd6 build/stm32g4xx_hal_tim_ex.o
 .debug_loclists
                0x0000a8b9     0x354a build/stm32g4xx_hal_uart.o
 .debug_loclists
                0x0000de03      0x767 build/stm32g4xx_hal_uart_ex.o
 .debug_loclists
                0x0000e56a      0x984 c:/users/enric/appdata/roaming/code/user/globalstorage/bmd.stm32-for-vscode/@xpack-dev-tools/arm-none-eabi-gcc/12.3.1-1.2.1/.content/bin/../lib/gcc/arm-none-eabi/12.3.1/thumb/v7e-m+fp/hard\libgcc.a(_udivmoddi4.o)

.debug_aranges  0x00000000     0x1328
 .debug_aranges
                0x00000000       0x30 build/adc.o
 .debug_aranges
                0x00000030       0x20 build/gpio.o
 .debug_aranges
                0x00000050       0x48 build/main.o
 .debug_aranges
                0x00000098       0x20 build/stm32g4xx_hal_msp.o
 .debug_aranges
                0x000000b8       0x70 build/stm32g4xx_it.o
 .debug_aranges
                0x00000128       0x28 build/system_stm32g4xx.o
 .debug_aranges
                0x00000150       0x30 build/tim.o
 .debug_aranges
                0x00000180       0x30 build/usart.o
 .debug_aranges
                0x000001b0      0x130 build/stm32g4xx_hal.o
 .debug_aranges
                0x000002e0      0x120 build/stm32g4xx_hal_adc.o
 .debug_aranges
                0x00000400      0x100 build/stm32g4xx_hal_adc_ex.o
 .debug_aranges
                0x00000500       0xe0 build/stm32g4xx_hal_cortex.o
 .debug_aranges
                0x000005e0       0x58 build/stm32g4xx_hal_gpio.o
 .debug_aranges
                0x00000638      0x140 build/stm32g4xx_hal_pwr_ex.o
 .debug_aranges
                0x00000778       0x98 build/stm32g4xx_hal_rcc.o
 .debug_aranges
                0x00000810       0xb0 build/stm32g4xx_hal_rcc_ex.o
 .debug_aranges
                0x000008c0      0x3f8 build/stm32g4xx_hal_tim.o
 .debug_aranges
                0x00000cb8      0x240 build/stm32g4xx_hal_tim_ex.o
 .debug_aranges
                0x00000ef8      0x248 build/stm32g4xx_hal_uart.o
 .debug_aranges
                0x00001140       0xa0 build/stm32g4xx_hal_uart_ex.o
 .debug_aranges
                0x000011e0       0x28 build/startup_stm32g474xx.o
 .debug_aranges
                0x00001208       0x20 c:/users/enric/appdata/roaming/code/user/globalstorage/bmd.stm32-for-vscode/@xpack-dev-tools/arm-none-eabi-gcc/12.3.1-1.2.1/.content/bin/../lib/gcc/arm-none-eabi/12.3.1/thumb/v7e-m+fp/hard\libgcc.a(_arm_addsubdf3.o)
 .debug_aranges
                0x00001228       0x20 c:/users/enric/appdata/roaming/code/user/globalstorage/bmd.stm32-for-vscode/@xpack-dev-tools/arm-none-eabi-gcc/12.3.1-1.2.1/.content/bin/../lib/gcc/arm-none-eabi/12.3.1/thumb/v7e-m+fp/hard\libgcc.a(_arm_muldivdf3.o)
 .debug_aranges
                0x00001248       0x20 c:/users/enric/appdata/roaming/code/user/globalstorage/bmd.stm32-for-vscode/@xpack-dev-tools/arm-none-eabi-gcc/12.3.1-1.2.1/.content/bin/../lib/gcc/arm-none-eabi/12.3.1/thumb/v7e-m+fp/hard\libgcc.a(_arm_cmpdf2.o)
 .debug_aranges
                0x00001268       0x20 c:/users/enric/appdata/roaming/code/user/globalstorage/bmd.stm32-for-vscode/@xpack-dev-tools/arm-none-eabi-gcc/12.3.1-1.2.1/.content/bin/../lib/gcc/arm-none-eabi/12.3.1/thumb/v7e-m+fp/hard\libgcc.a(_arm_unorddf2.o)
 .debug_aranges
                0x00001288       0x20 c:/users/enric/appdata/roaming/code/user/globalstorage/bmd.stm32-for-vscode/@xpack-dev-tools/arm-none-eabi-gcc/12.3.1-1.2.1/.content/bin/../lib/gcc/arm-none-eabi/12.3.1/thumb/v7e-m+fp/hard\libgcc.a(_arm_fixdfsi.o)
 .debug_aranges
                0x000012a8       0x20 c:/users/enric/appdata/roaming/code/user/globalstorage/bmd.stm32-for-vscode/@xpack-dev-tools/arm-none-eabi-gcc/12.3.1-1.2.1/.content/bin/../lib/gcc/arm-none-eabi/12.3.1/thumb/v7e-m+fp/hard\libgcc.a(_arm_truncdfsf2.o)
 .debug_aranges
                0x000012c8       0x20 c:/users/enric/appdata/roaming/code/user/globalstorage/bmd.stm32-for-vscode/@xpack-dev-tools/arm-none-eabi-gcc/12.3.1-1.2.1/.content/bin/../lib/gcc/arm-none-eabi/12.3.1/thumb/v7e-m+fp/hard\libgcc.a(_aeabi_uldivmod.o)
 .debug_aranges
                0x000012e8       0x20 c:/users/enric/appdata/roaming/code/user/globalstorage/bmd.stm32-for-vscode/@xpack-dev-tools/arm-none-eabi-gcc/12.3.1-1.2.1/.content/bin/../lib/gcc/arm-none-eabi/12.3.1/thumb/v7e-m+fp/hard\libgcc.a(_udivmoddi4.o)
 .debug_aranges
                0x00001308       0x20 c:/users/enric/appdata/roaming/code/user/globalstorage/bmd.stm32-for-vscode/@xpack-dev-tools/arm-none-eabi-gcc/12.3.1-1.2.1/.content/bin/../lib/gcc/arm-none-eabi/12.3.1/thumb/v7e-m+fp/hard\libgcc.a(_dvmd_tls.o)

.debug_rnglists
                0x00000000      0xfaa
 .debug_rnglists
                0x00000000       0x21 build/adc.o
 .debug_rnglists
                0x00000021       0x14 build/gpio.o
 .debug_rnglists
                0x00000035       0x32 build/main.o
 .debug_rnglists
                0x00000067       0x13 build/stm32g4xx_hal_msp.o
 .debug_rnglists
                0x0000007a       0x4f build/stm32g4xx_it.o
 .debug_rnglists
                0x000000c9       0x1a build/system_stm32g4xx.o
 .debug_rnglists
                0x000000e3       0x1f build/tim.o
 .debug_rnglists
                0x00000102       0x20 build/usart.o
 .debug_rnglists
                0x00000122       0xdf build/stm32g4xx_hal.o
 .debug_rnglists
                0x00000201      0x18c build/stm32g4xx_hal_adc.o
 .debug_rnglists
                0x0000038d      0x156 build/stm32g4xx_hal_adc_ex.o
 .debug_rnglists
                0x000004e3       0xa3 build/stm32g4xx_hal_cortex.o
 .debug_rnglists
                0x00000586       0x3f build/stm32g4xx_hal_gpio.o
 .debug_rnglists
                0x000005c5       0xf1 build/stm32g4xx_hal_pwr_ex.o
 .debug_rnglists
                0x000006b6       0x81 build/stm32g4xx_hal_rcc.o
 .debug_rnglists
                0x00000737       0x92 build/stm32g4xx_hal_rcc_ex.o
 .debug_rnglists
                0x000007c9      0x329 build/stm32g4xx_hal_tim.o
 .debug_rnglists
                0x00000af2      0x1c3 build/stm32g4xx_hal_tim_ex.o
 .debug_rnglists
                0x00000cb5      0x1cb build/stm32g4xx_hal_uart.o
 .debug_rnglists
                0x00000e80       0x76 build/stm32g4xx_hal_uart_ex.o
 .debug_rnglists
                0x00000ef6       0x19 build/startup_stm32g474xx.o
 .debug_rnglists